<?xml version="1.0"?>
<link_info>
   <banner>TI ARM Linker PC v5.0.4</banner>
   <copyright>Copyright (c) 1996-2013 Texas Instruments Incorporated</copyright>
   <link_time>0x53737aed</link_time>
   <output_file>EquacionDiff.out</output_file>
   <entry_point>
      <name>_c_int00</name>
      <address>0xf65</address>
   </entry_point>
   <input_file_list>
      <input_file id="fl-2">
         <path>.\</path>
         <kind>object</kind>
         <file>startup_ccs.obj</file>
         <name>startup_ccs.obj</name>
      </input_file>
      <input_file id="fl-3">
         <path>.\</path>
         <kind>object</kind>
         <file>Diff.obj</file>
         <name>Diff.obj</name>
      </input_file>
      <input_file id="fl-8">
         <path>C:\ti\TivaWare_C_Series-1.1\examples\boards\ek-tm4c123gxl\project0\ccs\..\..\..\..\..\driverlib\ccs\Debug\</path>
         <kind>archive</kind>
         <file>driverlib.lib</file>
         <name>timer.obj</name>
      </input_file>
      <input_file id="fl-9">
         <path>C:\ti\TivaWare_C_Series-1.1\examples\boards\ek-tm4c123gxl\project0\ccs\..\..\..\..\..\driverlib\ccs\Debug\</path>
         <kind>archive</kind>
         <file>driverlib.lib</file>
         <name>sysctl.obj</name>
      </input_file>
      <input_file id="fl-a">
         <path>C:\ti\TivaWare_C_Series-1.1\examples\boards\ek-tm4c123gxl\project0\ccs\..\..\..\..\..\driverlib\ccs\Debug\</path>
         <kind>archive</kind>
         <file>driverlib.lib</file>
         <name>ssi.obj</name>
      </input_file>
      <input_file id="fl-b">
         <path>C:\ti\TivaWare_C_Series-1.1\examples\boards\ek-tm4c123gxl\project0\ccs\..\..\..\..\..\driverlib\ccs\Debug\</path>
         <kind>archive</kind>
         <file>driverlib.lib</file>
         <name>interrupt.obj</name>
      </input_file>
      <input_file id="fl-c">
         <path>C:\ti\TivaWare_C_Series-1.1\examples\boards\ek-tm4c123gxl\project0\ccs\..\..\..\..\..\driverlib\ccs\Debug\</path>
         <kind>archive</kind>
         <file>driverlib.lib</file>
         <name>gpio.obj</name>
      </input_file>
      <input_file id="fl-d">
         <path>C:\ti\TivaWare_C_Series-1.1\examples\boards\ek-tm4c123gxl\project0\ccs\..\..\..\..\..\driverlib\ccs\Debug\</path>
         <kind>archive</kind>
         <file>driverlib.lib</file>
         <name>fpu.obj</name>
      </input_file>
      <input_file id="fl-e">
         <path>C:\ti\TivaWare_C_Series-1.1\examples\boards\ek-tm4c123gxl\project0\ccs\..\..\..\..\..\driverlib\ccs\Debug\</path>
         <kind>archive</kind>
         <file>driverlib.lib</file>
         <name>cpu.obj</name>
      </input_file>
      <input_file id="fl-f">
         <path>C:\ti\TivaWare_C_Series-1.1\examples\boards\ek-tm4c123gxl\project0\ccs\..\..\..\..\..\driverlib\ccs\Debug\</path>
         <kind>archive</kind>
         <file>driverlib.lib</file>
         <name>adc.obj</name>
      </input_file>
      <input_file id="fl-139">
         <path>C:\ti\ccsv5\tools\compiler\arm_5.0.4\lib\</path>
         <kind>archive</kind>
         <file>rtsv7M4_T_le_v4SPD16_eabi.lib</file>
         <name>boot.obj</name>
      </input_file>
      <input_file id="fl-13a">
         <path>C:\ti\ccsv5\tools\compiler\arm_5.0.4\lib\</path>
         <kind>archive</kind>
         <file>rtsv7M4_T_le_v4SPD16_eabi.lib</file>
         <name>copy_decompress_none.obj</name>
      </input_file>
      <input_file id="fl-13b">
         <path>C:\ti\ccsv5\tools\compiler\arm_5.0.4\lib\</path>
         <kind>archive</kind>
         <file>rtsv7M4_T_le_v4SPD16_eabi.lib</file>
         <name>copy_decompress_rle.obj</name>
      </input_file>
      <input_file id="fl-13c">
         <path>C:\ti\ccsv5\tools\compiler\arm_5.0.4\lib\</path>
         <kind>archive</kind>
         <file>rtsv7M4_T_le_v4SPD16_eabi.lib</file>
         <name>copy_zero_init.obj</name>
      </input_file>
      <input_file id="fl-13d">
         <path>C:\ti\ccsv5\tools\compiler\arm_5.0.4\lib\</path>
         <kind>archive</kind>
         <file>rtsv7M4_T_le_v4SPD16_eabi.lib</file>
         <name>exit.obj</name>
      </input_file>
      <input_file id="fl-13e">
         <path>C:\ti\ccsv5\tools\compiler\arm_5.0.4\lib\</path>
         <kind>archive</kind>
         <file>rtsv7M4_T_le_v4SPD16_eabi.lib</file>
         <name>fd_mul_t2.obj</name>
      </input_file>
      <input_file id="fl-13f">
         <path>C:\ti\ccsv5\tools\compiler\arm_5.0.4\lib\</path>
         <kind>archive</kind>
         <file>rtsv7M4_T_le_v4SPD16_eabi.lib</file>
         <name>fd_tos_t2.obj</name>
      </input_file>
      <input_file id="fl-140">
         <path>C:\ti\ccsv5\tools\compiler\arm_5.0.4\lib\</path>
         <kind>archive</kind>
         <file>rtsv7M4_T_le_v4SPD16_eabi.lib</file>
         <name>fd_tou_t2.obj</name>
      </input_file>
      <input_file id="fl-141">
         <path>C:\ti\ccsv5\tools\compiler\arm_5.0.4\lib\</path>
         <kind>archive</kind>
         <file>rtsv7M4_T_le_v4SPD16_eabi.lib</file>
         <name>fs_tod_t2.obj</name>
      </input_file>
      <input_file id="fl-142">
         <path>C:\ti\ccsv5\tools\compiler\arm_5.0.4\lib\</path>
         <kind>archive</kind>
         <file>rtsv7M4_T_le_v4SPD16_eabi.lib</file>
         <name>memcpy_t2.obj</name>
      </input_file>
      <input_file id="fl-143">
         <path>C:\ti\ccsv5\tools\compiler\arm_5.0.4\lib\</path>
         <kind>archive</kind>
         <file>rtsv7M4_T_le_v4SPD16_eabi.lib</file>
         <name>round.obj</name>
      </input_file>
      <input_file id="fl-144">
         <path>C:\ti\ccsv5\tools\compiler\arm_5.0.4\lib\</path>
         <kind>archive</kind>
         <file>rtsv7M4_T_le_v4SPD16_eabi.lib</file>
         <name>stkdepth_vars.obj</name>
      </input_file>
      <input_file id="fl-145">
         <path>C:\ti\ccsv5\tools\compiler\arm_5.0.4\lib\</path>
         <kind>archive</kind>
         <file>rtsv7M4_T_le_v4SPD16_eabi.lib</file>
         <name>u_tofd_t2.obj</name>
      </input_file>
      <input_file id="fl-146">
         <path>C:\ti\ccsv5\tools\compiler\arm_5.0.4\lib\</path>
         <kind>archive</kind>
         <file>rtsv7M4_T_le_v4SPD16_eabi.lib</file>
         <name>xdint.obj</name>
      </input_file>
      <input_file id="fl-147">
         <path>C:\ti\ccsv5\tools\compiler\arm_5.0.4\lib\</path>
         <kind>archive</kind>
         <file>rtsv7M4_T_le_v4SPD16_eabi.lib</file>
         <name>xdtest.obj</name>
      </input_file>
      <input_file id="fl-148">
         <path>C:\ti\ccsv5\tools\compiler\arm_5.0.4\lib\</path>
         <kind>archive</kind>
         <file>rtsv7M4_T_le_v4SPD16_eabi.lib</file>
         <name>_lock.obj</name>
      </input_file>
      <input_file id="fl-149">
         <path>C:\ti\ccsv5\tools\compiler\arm_5.0.4\lib\</path>
         <kind>archive</kind>
         <file>rtsv7M4_T_le_v4SPD16_eabi.lib</file>
         <name>args_main.obj</name>
      </input_file>
      <input_file id="fl-14a">
         <path>C:\ti\ccsv5\tools\compiler\arm_5.0.4\lib\</path>
         <kind>archive</kind>
         <file>rtsv7M4_T_le_v4SPD16_eabi.lib</file>
         <name>auto_init.obj</name>
      </input_file>
      <input_file id="fl-14b">
         <path>C:\ti\ccsv5\tools\compiler\arm_5.0.4\lib\</path>
         <kind>archive</kind>
         <file>rtsv7M4_T_le_v4SPD16_eabi.lib</file>
         <name>cpy_tbl.obj</name>
      </input_file>
      <input_file id="fl-14c">
         <path>C:\ti\ccsv5\tools\compiler\arm_5.0.4\lib\</path>
         <kind>archive</kind>
         <file>rtsv7M4_T_le_v4SPD16_eabi.lib</file>
         <name>fd_add_t2.obj</name>
      </input_file>
      <input_file id="fl-14d">
         <path>C:\ti\ccsv5\tools\compiler\arm_5.0.4\lib\</path>
         <kind>archive</kind>
         <file>rtsv7M4_T_le_v4SPD16_eabi.lib</file>
         <name>fd_cmp_t2.obj</name>
      </input_file>
   </input_file_list>
   <object_component_list>
      <object_component id="oc-e">
         <name>.intvecs</name>
         <load_address>0x0</load_address>
         <run_address>0x0</run_address>
         <size>0x26c</size>
         <input_file_ref idref="fl-2"/>
      </object_component>
      <object_component id="oc-35">
         <name>.text:Timer0IntHandler</name>
         <load_address>0x26c</load_address>
         <run_address>0x26c</run_address>
         <size>0x1c0</size>
         <input_file_ref idref="fl-3"/>
      </object_component>
      <object_component id="oc-12d">
         <name>.text</name>
         <load_address>0x42c</load_address>
         <run_address>0x42c</run_address>
         <size>0x1b6</size>
         <input_file_ref idref="fl-14c"/>
      </object_component>
      <object_component id="oc-2b">
         <name>.text:FaultISR</name>
         <load_address>0x5e2</load_address>
         <run_address>0x5e2</run_address>
         <size>0x2</size>
         <input_file_ref idref="fl-2"/>
      </object_component>
      <object_component id="oc-d2">
         <name>.text:main</name>
         <load_address>0x5e4</load_address>
         <run_address>0x5e4</run_address>
         <size>0x164</size>
         <input_file_ref idref="fl-3"/>
      </object_component>
      <object_component id="oc-14a">
         <name>.text:SysCtlClockSet</name>
         <load_address>0x748</load_address>
         <run_address>0x748</run_address>
         <size>0x104</size>
         <input_file_ref idref="fl-9"/>
      </object_component>
      <object_component id="oc-8d">
         <name>.text</name>
         <load_address>0x84c</load_address>
         <run_address>0x84c</run_address>
         <size>0xfc</size>
         <input_file_ref idref="fl-13e"/>
      </object_component>
      <object_component id="oc-168">
         <name>.text:SysCtlClockGet</name>
         <load_address>0x948</load_address>
         <run_address>0x948</run_address>
         <size>0xc4</size>
         <input_file_ref idref="fl-9"/>
      </object_component>
      <object_component id="oc-131">
         <name>.text</name>
         <load_address>0xa0c</load_address>
         <run_address>0xa0c</run_address>
         <size>0xc4</size>
         <input_file_ref idref="fl-146"/>
      </object_component>
      <object_component id="oc-1d8">
         <name>.text:GPIOPadConfigSet</name>
         <load_address>0xad0</load_address>
         <run_address>0xad0</run_address>
         <size>0xb8</size>
         <input_file_ref idref="fl-c"/>
      </object_component>
      <object_component id="oc-4c">
         <name>.text</name>
         <load_address>0xb88</load_address>
         <run_address>0xb88</run_address>
         <size>0x9c</size>
         <input_file_ref idref="fl-142"/>
      </object_component>
      <object_component id="oc-3d">
         <name>.text</name>
         <load_address>0xc24</load_address>
         <run_address>0xc24</run_address>
         <size>0x94</size>
         <input_file_ref idref="fl-14a"/>
      </object_component>
      <object_component id="oc-129">
         <name>.text</name>
         <load_address>0xcb8</load_address>
         <run_address>0xcb8</run_address>
         <size>0x7e</size>
         <input_file_ref idref="fl-14d"/>
      </object_component>
      <object_component id="oc-186">
         <name>.text:ADCSequenceStepConfigure</name>
         <load_address>0xd36</load_address>
         <run_address>0xd36</run_address>
         <size>0x70</size>
         <input_file_ref idref="fl-f"/>
      </object_component>
      <object_component id="oc-30">
         <name>.text:IntDefaultHandler</name>
         <load_address>0xda6</load_address>
         <run_address>0xda6</run_address>
         <size>0x2</size>
         <input_file_ref idref="fl-2"/>
      </object_component>
      <object_component id="oc-9e">
         <name>.text</name>
         <load_address>0xda8</load_address>
         <run_address>0xda8</run_address>
         <size>0x6c</size>
         <input_file_ref idref="fl-143"/>
      </object_component>
      <object_component id="oc-172">
         <name>.text:IntEnable</name>
         <load_address>0xe14</load_address>
         <run_address>0xe14</run_address>
         <size>0x60</size>
         <input_file_ref idref="fl-b"/>
      </object_component>
      <object_component id="oc-5c">
         <name>.text</name>
         <load_address>0xe74</load_address>
         <run_address>0xe74</run_address>
         <size>0x5e</size>
         <input_file_ref idref="fl-13b"/>
      </object_component>
      <object_component id="oc-91">
         <name>.text</name>
         <load_address>0xed2</load_address>
         <run_address>0xed2</run_address>
         <size>0x4a</size>
         <input_file_ref idref="fl-13f"/>
      </object_component>
      <object_component id="oc-190">
         <name>.text:GPIOPinConfigure</name>
         <load_address>0xf1c</load_address>
         <run_address>0xf1c</run_address>
         <size>0x48</size>
         <input_file_ref idref="fl-c"/>
      </object_component>
      <object_component id="oc-10">
         <name>.text</name>
         <load_address>0xf64</load_address>
         <run_address>0xf64</run_address>
         <size>0x48</size>
         <input_file_ref idref="fl-139"/>
      </object_component>
      <object_component id="oc-cd">
         <name>.text</name>
         <load_address>0xfac</load_address>
         <run_address>0xfac</run_address>
         <size>0x44</size>
         <input_file_ref idref="fl-14b"/>
      </object_component>
      <object_component id="oc-a2">
         <name>.text</name>
         <load_address>0xff0</load_address>
         <run_address>0xff0</run_address>
         <size>0x44</size>
         <input_file_ref idref="fl-140"/>
      </object_component>
      <object_component id="oc-125">
         <name>.text</name>
         <load_address>0x1034</load_address>
         <run_address>0x1034</run_address>
         <size>0x44</size>
         <input_file_ref idref="fl-147"/>
      </object_component>
      <object_component id="oc-19a">
         <name>.text:SSIConfigSetExpClk</name>
         <load_address>0x1078</load_address>
         <run_address>0x1078</run_address>
         <size>0x42</size>
         <input_file_ref idref="fl-a"/>
      </object_component>
      <object_component id="oc-26">
         <name>.text:NmiSR</name>
         <load_address>0x10ba</load_address>
         <run_address>0x10ba</run_address>
         <size>0x2</size>
         <input_file_ref idref="fl-2"/>
      </object_component>
      <object_component id="oc-45">
         <name>.text</name>
         <load_address>0x10bc</load_address>
         <run_address>0x10bc</run_address>
         <size>0x40</size>
         <input_file_ref idref="fl-13d"/>
      </object_component>
      <object_component id="oc-9a">
         <name>.text</name>
         <load_address>0x10fc</load_address>
         <run_address>0x10fc</run_address>
         <size>0x38</size>
         <input_file_ref idref="fl-141"/>
      </object_component>
      <object_component id="oc-159">
         <name>.text:SysCtlPeripheralEnable</name>
         <load_address>0x1134</load_address>
         <run_address>0x1134</run_address>
         <size>0x34</size>
         <input_file_ref idref="fl-9"/>
      </object_component>
      <object_component id="oc-7a">
         <name>.text:ADCIntStatus</name>
         <load_address>0x1168</load_address>
         <run_address>0x1168</run_address>
         <size>0x2e</size>
         <input_file_ref idref="fl-f"/>
      </object_component>
      <object_component id="oc-181">
         <name>.text:ADCSequenceConfigure</name>
         <load_address>0x1196</load_address>
         <run_address>0x1196</run_address>
         <size>0x2c</size>
         <input_file_ref idref="fl-f"/>
      </object_component>
      <object_component id="oc-1dd">
         <name>.text:GPIODirModeSet</name>
         <load_address>0x11c2</load_address>
         <run_address>0x11c2</run_address>
         <size>0x2a</size>
         <input_file_ref idref="fl-c"/>
      </object_component>
      <object_component id="oc-163">
         <name>.text:TimerConfigure</name>
         <load_address>0x11ec</load_address>
         <run_address>0x11ec</run_address>
         <size>0x28</size>
         <input_file_ref idref="fl-8"/>
      </object_component>
      <object_component id="oc-95">
         <name>.text:CalcDerivs</name>
         <load_address>0x1214</load_address>
         <run_address>0x1214</run_address>
         <size>0x22</size>
         <input_file_ref idref="fl-3"/>
      </object_component>
      <object_component id="oc-89">
         <name>.text</name>
         <load_address>0x1236</load_address>
         <run_address>0x1236</run_address>
         <size>0x20</size>
         <input_file_ref idref="fl-145"/>
      </object_component>
      <object_component id="oc-84">
         <name>.text:ADCSequenceDataGet</name>
         <load_address>0x1256</load_address>
         <run_address>0x1256</run_address>
         <size>0x1e</size>
         <input_file_ref idref="fl-f"/>
      </object_component>
      <object_component id="oc-41">
         <name>.text</name>
         <load_address>0x1274</load_address>
         <run_address>0x1274</run_address>
         <size>0x18</size>
         <input_file_ref idref="fl-149"/>
      </object_component>
      <object_component id="oc-75">
         <name>.text:ADCProcessorTrigger</name>
         <load_address>0x128c</load_address>
         <run_address>0x128c</run_address>
         <size>0x16</size>
         <input_file_ref idref="fl-f"/>
      </object_component>
      <object_component id="oc-1aa">
         <name>.text</name>
         <load_address>0x12a4</load_address>
         <run_address>0x12a4</run_address>
         <size>0x14</size>
         <input_file_ref idref="fl-148"/>
      </object_component>
      <object_component id="oc-17c">
         <name>.text:GPIOPinTypeADC</name>
         <load_address>0x12b8</load_address>
         <run_address>0x12b8</run_address>
         <size>0x12</size>
         <input_file_ref idref="fl-c"/>
      </object_component>
      <object_component id="oc-15e">
         <name>.text:GPIOPinTypeGPIOOutput</name>
         <load_address>0x12ca</load_address>
         <run_address>0x12ca</run_address>
         <size>0x12</size>
         <input_file_ref idref="fl-c"/>
      </object_component>
      <object_component id="oc-195">
         <name>.text:GPIOPinTypeSSI</name>
         <load_address>0x12dc</load_address>
         <run_address>0x12dc</run_address>
         <size>0x12</size>
         <input_file_ref idref="fl-c"/>
      </object_component>
      <object_component id="oc-16d">
         <name>.text:TimerLoadSet</name>
         <load_address>0x12ee</load_address>
         <run_address>0x12ee</run_address>
         <size>0x12</size>
         <input_file_ref idref="fl-8"/>
      </object_component>
      <object_component id="oc-18">
         <name>.text:decompress:ZI</name>
         <load_address>0x1300</load_address>
         <run_address>0x1300</run_address>
         <size>0x12</size>
         <input_file_ref idref="fl-13c"/>
      </object_component>
      <object_component id="oc-14f">
         <name>.text:FPUEnable</name>
         <load_address>0x1314</load_address>
         <run_address>0x1314</run_address>
         <size>0x10</size>
         <input_file_ref idref="fl-d"/>
      </object_component>
      <object_component id="oc-154">
         <name>.text:FPULazyStackingEnable</name>
         <load_address>0x1324</load_address>
         <run_address>0x1324</run_address>
         <size>0x10</size>
         <input_file_ref idref="fl-d"/>
      </object_component>
      <object_component id="oc-18b">
         <name>.text:ADCSequenceEnable</name>
         <load_address>0x1334</load_address>
         <run_address>0x1334</run_address>
         <size>0xe</size>
         <input_file_ref idref="fl-f"/>
      </object_component>
      <object_component id="oc-19f">
         <name>.text:TimerEnable</name>
         <load_address>0x1342</load_address>
         <run_address>0x1342</run_address>
         <size>0xe</size>
         <input_file_ref idref="fl-8"/>
      </object_component>
      <object_component id="oc-14">
         <name>.text:decompress:none</name>
         <load_address>0x1350</load_address>
         <run_address>0x1350</run_address>
         <size>0xe</size>
         <input_file_ref idref="fl-13a"/>
      </object_component>
      <object_component id="oc-10a">
         <name>.text:CPUcpsid</name>
         <load_address>0x135e</load_address>
         <run_address>0x135e</run_address>
         <size>0xc</size>
         <input_file_ref idref="fl-e"/>
      </object_component>
      <object_component id="oc-13c">
         <name>.text:CPUcpsie</name>
         <load_address>0x136a</load_address>
         <run_address>0x136a</run_address>
         <size>0xc</size>
         <input_file_ref idref="fl-e"/>
      </object_component>
      <object_component id="oc-7f">
         <name>.text:ADCIntClear</name>
         <load_address>0x1376</load_address>
         <run_address>0x1376</run_address>
         <size>0xa</size>
         <input_file_ref idref="fl-f"/>
      </object_component>
      <object_component id="oc-70">
         <name>.text:IntMasterDisable</name>
         <load_address>0x1380</load_address>
         <run_address>0x1380</run_address>
         <size>0xa</size>
         <input_file_ref idref="fl-b"/>
      </object_component>
      <object_component id="oc-b5">
         <name>.text:IntMasterEnable</name>
         <load_address>0x138a</load_address>
         <run_address>0x138a</run_address>
         <size>0xa</size>
         <input_file_ref idref="fl-b"/>
      </object_component>
      <object_component id="oc-ab">
         <name>.text:SSIDataPut</name>
         <load_address>0x1394</load_address>
         <run_address>0x1394</run_address>
         <size>0xa</size>
         <input_file_ref idref="fl-a"/>
      </object_component>
      <object_component id="oc-1a4">
         <name>.text:SSIEnable</name>
         <load_address>0x139e</load_address>
         <run_address>0x139e</run_address>
         <size>0xa</size>
         <input_file_ref idref="fl-a"/>
      </object_component>
      <object_component id="oc-b0">
         <name>.text:SSIBusy</name>
         <load_address>0x13a8</load_address>
         <run_address>0x13a8</run_address>
         <size>0x8</size>
         <input_file_ref idref="fl-a"/>
      </object_component>
      <object_component id="oc-177">
         <name>.text:TimerIntEnable</name>
         <load_address>0x13b0</load_address>
         <run_address>0x13b0</run_address>
         <size>0x8</size>
         <input_file_ref idref="fl-8"/>
      </object_component>
      <object_component id="oc-a6">
         <name>.text:GPIOPinWrite</name>
         <load_address>0x13b8</load_address>
         <run_address>0x13b8</run_address>
         <size>0x6</size>
         <input_file_ref idref="fl-c"/>
      </object_component>
      <object_component id="oc-21">
         <name>.text:ResetISR</name>
         <load_address>0x13be</load_address>
         <run_address>0x13be</run_address>
         <size>0x6</size>
         <input_file_ref idref="fl-2"/>
      </object_component>
      <object_component id="oc-1d2">
         <name>.text:SysCtlDelay</name>
         <load_address>0x13c4</load_address>
         <run_address>0x13c4</run_address>
         <size>0x6</size>
         <input_file_ref idref="fl-9"/>
      </object_component>
      <object_component id="oc-1c">
         <name>.text:decompress:rle24</name>
         <load_address>0x13ca</load_address>
         <run_address>0x13ca</run_address>
         <size>0x6</size>
         <input_file_ref idref="fl-13b"/>
      </object_component>
      <object_component id="oc-6b">
         <name>.text:TimerIntClear</name>
         <load_address>0x13d0</load_address>
         <run_address>0x13d0</run_address>
         <size>0x4</size>
         <input_file_ref idref="fl-8"/>
      </object_component>
      <object_component id="oc-1f1">
         <name>.const:g_pui32GPIOBaseAddrs</name>
         <load_address>0x13d4</load_address>
         <run_address>0x13d4</run_address>
         <size>0x78</size>
         <input_file_ref idref="fl-c"/>
      </object_component>
      <object_component id="oc-1e8">
         <name>.const</name>
         <load_address>0x144c</load_address>
         <run_address>0x144c</run_address>
         <size>0x70</size>
         <input_file_ref idref="fl-b"/>
      </object_component>
      <object_component id="oc-1e4">
         <name>.const:g_pui32Xtals</name>
         <load_address>0x14bc</load_address>
         <run_address>0x14bc</run_address>
         <size>0x6c</size>
         <input_file_ref idref="fl-9"/>
      </object_component>
      <object_component id="oc-1c3">
         <name>.const</name>
         <load_address>0x1528</load_address>
         <run_address>0x1528</run_address>
         <size>0x30</size>
         <input_file_ref idref="fl-146"/>
      </object_component>
      <object_component id="oc-229">
         <name>.cinit..data.load</name>
         <load_address>0x1558</load_address>
         <run_address>0x1558</run_address>
         <size>0x1e</size>
      </object_component>
      <object_component id="oc-227">
         <name>__TI_handler_table</name>
         <load_address>0x1578</load_address>
         <run_address>0x1578</run_address>
         <size>0xc</size>
      </object_component>
      <object_component id="oc-22a">
         <name>.cinit..bss.load</name>
         <load_address>0x1588</load_address>
         <run_address>0x1588</run_address>
         <size>0x8</size>
      </object_component>
      <object_component id="oc-228">
         <name>__TI_cinit_table</name>
         <load_address>0x1590</load_address>
         <run_address>0x1590</run_address>
         <size>0x10</size>
      </object_component>
      <object_component id="oc-49">
         <name>.data</name>
         <load_address>0x20004f78</load_address>
         <run_address>0x20004f78</run_address>
         <size>0x4</size>
         <input_file_ref idref="fl-144"/>
      </object_component>
      <object_component id="oc-bc">
         <name>.data</name>
         <load_address>0x20004f44</load_address>
         <run_address>0x20004f44</run_address>
         <size>0x24</size>
         <input_file_ref idref="fl-3"/>
      </object_component>
      <object_component id="oc-dd">
         <name>.data</name>
         <load_address>0x20004f68</load_address>
         <run_address>0x20004f68</run_address>
         <size>0x8</size>
         <input_file_ref idref="fl-148"/>
      </object_component>
      <object_component id="oc-df">
         <name>.data</name>
         <load_address>0x20004f70</load_address>
         <run_address>0x20004f70</run_address>
         <size>0x8</size>
         <input_file_ref idref="fl-13d"/>
      </object_component>
      <object_component id="oc-ba">
         <name>.bss</name>
         <uninitialized>true</uninitialized>
         <run_address>0x20004e20</run_address>
         <size>0x24</size>
         <input_file_ref idref="fl-3"/>
      </object_component>
      <object_component id="oc-be">
         <name>.bss:yd</name>
         <uninitialized>true</uninitialized>
         <run_address>0x20000000</run_address>
         <size>0x4e20</size>
         <input_file_ref idref="fl-3"/>
      </object_component>
      <object_component id="oc-20">
         <name>.stack</name>
         <uninitialized>true</uninitialized>
         <run_address>0x20004e44</run_address>
         <size>0x0</size>
         <input_file_ref idref="fl-139"/>
      </object_component>
      <object_component id="oc-22b">
         <name>.stack</name>
         <uninitialized>true</uninitialized>
         <run_address>0x20004e44</run_address>
         <size>0x0</size>
      </object_component>
      <object_component id="oc-f">
         <name>.debug_info</name>
         <load_address>0x0</load_address>
         <run_address>0x0</run_address>
         <size>0xd7</size>
         <input_file_ref idref="fl-2"/>
      </object_component>
      <object_component id="oc-11">
         <name>.debug_info</name>
         <load_address>0xd7</load_address>
         <run_address>0xd7</run_address>
         <size>0xf4</size>
         <input_file_ref idref="fl-139"/>
      </object_component>
      <object_component id="oc-15">
         <name>.debug_info</name>
         <load_address>0x1cb</load_address>
         <run_address>0x1cb</run_address>
         <size>0x159</size>
         <input_file_ref idref="fl-13a"/>
      </object_component>
      <object_component id="oc-19">
         <name>.debug_info</name>
         <load_address>0x324</load_address>
         <run_address>0x324</run_address>
         <size>0x193</size>
         <input_file_ref idref="fl-13c"/>
      </object_component>
      <object_component id="oc-1d">
         <name>.debug_info</name>
         <load_address>0x4b7</load_address>
         <run_address>0x4b7</run_address>
         <size>0x16a</size>
         <input_file_ref idref="fl-13b"/>
      </object_component>
      <object_component id="oc-22">
         <name>.debug_info</name>
         <load_address>0x621</load_address>
         <run_address>0x621</run_address>
         <size>0x107</size>
         <input_file_ref idref="fl-2"/>
      </object_component>
      <object_component id="oc-27">
         <name>.debug_info</name>
         <load_address>0x728</load_address>
         <run_address>0x728</run_address>
         <size>0x165</size>
         <input_file_ref idref="fl-2"/>
      </object_component>
      <object_component id="oc-2c">
         <name>.debug_info</name>
         <load_address>0x88d</load_address>
         <run_address>0x88d</run_address>
         <size>0x16d</size>
         <input_file_ref idref="fl-2"/>
      </object_component>
      <object_component id="oc-31">
         <name>.debug_info</name>
         <load_address>0x9fa</load_address>
         <run_address>0x9fa</run_address>
         <size>0x17f</size>
         <input_file_ref idref="fl-2"/>
      </object_component>
      <object_component id="oc-36">
         <name>.debug_info</name>
         <load_address>0xb79</load_address>
         <run_address>0xb79</run_address>
         <size>0x3a4</size>
         <input_file_ref idref="fl-3"/>
      </object_component>
      <object_component id="oc-3c">
         <name>.debug_info</name>
         <load_address>0xf1d</load_address>
         <run_address>0xf1d</run_address>
         <size>0x11a</size>
         <input_file_ref idref="fl-2"/>
      </object_component>
      <object_component id="oc-3e">
         <name>.debug_info</name>
         <load_address>0x1037</load_address>
         <run_address>0x1037</run_address>
         <size>0x13f</size>
         <input_file_ref idref="fl-14a"/>
      </object_component>
      <object_component id="oc-42">
         <name>.debug_info</name>
         <load_address>0x1176</load_address>
         <run_address>0x1176</run_address>
         <size>0xfe</size>
         <input_file_ref idref="fl-149"/>
      </object_component>
      <object_component id="oc-46">
         <name>.debug_info</name>
         <load_address>0x1274</load_address>
         <run_address>0x1274</run_address>
         <size>0x205</size>
         <input_file_ref idref="fl-13d"/>
      </object_component>
      <object_component id="oc-4a">
         <name>.debug_info</name>
         <load_address>0x1479</load_address>
         <run_address>0x1479</run_address>
         <size>0xbe</size>
         <input_file_ref idref="fl-144"/>
      </object_component>
      <object_component id="oc-4d">
         <name>.debug_info</name>
         <load_address>0x1537</load_address>
         <run_address>0x1537</run_address>
         <size>0xcd</size>
         <input_file_ref idref="fl-142"/>
      </object_component>
      <object_component id="oc-51">
         <name>.debug_info</name>
         <load_address>0x1604</load_address>
         <run_address>0x1604</run_address>
         <size>0x46</size>
         <input_file_ref idref="fl-13a"/>
      </object_component>
      <object_component id="oc-57">
         <name>.debug_info</name>
         <load_address>0x164a</load_address>
         <run_address>0x164a</run_address>
         <size>0x46</size>
         <input_file_ref idref="fl-13c"/>
      </object_component>
      <object_component id="oc-5d">
         <name>.debug_info</name>
         <load_address>0x1690</load_address>
         <run_address>0x1690</run_address>
         <size>0x318</size>
         <input_file_ref idref="fl-13b"/>
      </object_component>
      <object_component id="oc-61">
         <name>.debug_info</name>
         <load_address>0x19a8</load_address>
         <run_address>0x19a8</run_address>
         <size>0xb2</size>
         <input_file_ref idref="fl-13b"/>
      </object_component>
      <object_component id="oc-62">
         <name>.debug_info</name>
         <load_address>0x1a5a</load_address>
         <run_address>0x1a5a</run_address>
         <size>0x39</size>
         <input_file_ref idref="fl-13b"/>
      </object_component>
      <object_component id="oc-6c">
         <name>.debug_info</name>
         <load_address>0x1a93</load_address>
         <run_address>0x1a93</run_address>
         <size>0x1f6</size>
         <input_file_ref idref="fl-8"/>
      </object_component>
      <object_component id="oc-71">
         <name>.debug_info</name>
         <load_address>0x1c89</load_address>
         <run_address>0x1c89</run_address>
         <size>0x1a4</size>
         <input_file_ref idref="fl-b"/>
      </object_component>
      <object_component id="oc-76">
         <name>.debug_info</name>
         <load_address>0x1e2d</load_address>
         <run_address>0x1e2d</run_address>
         <size>0x208</size>
         <input_file_ref idref="fl-f"/>
      </object_component>
      <object_component id="oc-7b">
         <name>.debug_info</name>
         <load_address>0x2035</load_address>
         <run_address>0x2035</run_address>
         <size>0x245</size>
         <input_file_ref idref="fl-f"/>
      </object_component>
      <object_component id="oc-80">
         <name>.debug_info</name>
         <load_address>0x227a</load_address>
         <run_address>0x227a</run_address>
         <size>0x1f8</size>
         <input_file_ref idref="fl-f"/>
      </object_component>
      <object_component id="oc-85">
         <name>.debug_info</name>
         <load_address>0x2472</load_address>
         <run_address>0x2472</run_address>
         <size>0x2fb</size>
         <input_file_ref idref="fl-f"/>
      </object_component>
      <object_component id="oc-8a">
         <name>.debug_info</name>
         <load_address>0x276d</load_address>
         <run_address>0x276d</run_address>
         <size>0xe2</size>
         <input_file_ref idref="fl-145"/>
      </object_component>
      <object_component id="oc-8e">
         <name>.debug_info</name>
         <load_address>0x284f</load_address>
         <run_address>0x284f</run_address>
         <size>0xee</size>
         <input_file_ref idref="fl-13e"/>
      </object_component>
      <object_component id="oc-92">
         <name>.debug_info</name>
         <load_address>0x293d</load_address>
         <run_address>0x293d</run_address>
         <size>0xe9</size>
         <input_file_ref idref="fl-13f"/>
      </object_component>
      <object_component id="oc-96">
         <name>.debug_info</name>
         <load_address>0x2a26</load_address>
         <run_address>0x2a26</run_address>
         <size>0x169</size>
         <input_file_ref idref="fl-3"/>
      </object_component>
      <object_component id="oc-9b">
         <name>.debug_info</name>
         <load_address>0x2b8f</load_address>
         <run_address>0x2b8f</run_address>
         <size>0xe0</size>
         <input_file_ref idref="fl-141"/>
      </object_component>
      <object_component id="oc-9f">
         <name>.debug_info</name>
         <load_address>0x2c6f</load_address>
         <run_address>0x2c6f</run_address>
         <size>0x147</size>
         <input_file_ref idref="fl-143"/>
      </object_component>
      <object_component id="oc-a3">
         <name>.debug_info</name>
         <load_address>0x2db6</load_address>
         <run_address>0x2db6</run_address>
         <size>0xed</size>
         <input_file_ref idref="fl-140"/>
      </object_component>
      <object_component id="oc-a7">
         <name>.debug_info</name>
         <load_address>0x2ea3</load_address>
         <run_address>0x2ea3</run_address>
         <size>0x207</size>
         <input_file_ref idref="fl-c"/>
      </object_component>
      <object_component id="oc-ac">
         <name>.debug_info</name>
         <load_address>0x30aa</load_address>
         <run_address>0x30aa</run_address>
         <size>0x25f</size>
         <input_file_ref idref="fl-a"/>
      </object_component>
      <object_component id="oc-b1">
         <name>.debug_info</name>
         <load_address>0x3309</load_address>
         <run_address>0x3309</run_address>
         <size>0x1a6</size>
         <input_file_ref idref="fl-a"/>
      </object_component>
      <object_component id="oc-b6">
         <name>.debug_info</name>
         <load_address>0x34af</load_address>
         <run_address>0x34af</run_address>
         <size>0x1a2</size>
         <input_file_ref idref="fl-b"/>
      </object_component>
      <object_component id="oc-bb">
         <name>.debug_info</name>
         <load_address>0x3651</load_address>
         <run_address>0x3651</run_address>
         <size>0x14a</size>
         <input_file_ref idref="fl-3"/>
      </object_component>
      <object_component id="oc-bd">
         <name>.debug_info</name>
         <load_address>0x379b</load_address>
         <run_address>0x379b</run_address>
         <size>0x180</size>
         <input_file_ref idref="fl-3"/>
      </object_component>
      <object_component id="oc-bf">
         <name>.debug_info</name>
         <load_address>0x391b</load_address>
         <run_address>0x391b</run_address>
         <size>0xbc</size>
         <input_file_ref idref="fl-3"/>
      </object_component>
      <object_component id="oc-c3">
         <name>.debug_info</name>
         <load_address>0x39d7</load_address>
         <run_address>0x39d7</run_address>
         <size>0x89</size>
         <input_file_ref idref="fl-2"/>
      </object_component>
      <object_component id="oc-c8">
         <name>.debug_info</name>
         <load_address>0x3a60</load_address>
         <run_address>0x3a60</run_address>
         <size>0x18b</size>
         <input_file_ref idref="fl-2"/>
      </object_component>
      <object_component id="oc-ce">
         <name>.debug_info</name>
         <load_address>0x3beb</load_address>
         <run_address>0x3beb</run_address>
         <size>0x191</size>
         <input_file_ref idref="fl-14b"/>
      </object_component>
      <object_component id="oc-d3">
         <name>.debug_info</name>
         <load_address>0x3d7c</load_address>
         <run_address>0x3d7c</run_address>
         <size>0x455</size>
         <input_file_ref idref="fl-3"/>
      </object_component>
      <object_component id="oc-d8">
         <name>.debug_info</name>
         <load_address>0x41d1</load_address>
         <run_address>0x41d1</run_address>
         <size>0x90</size>
         <input_file_ref idref="fl-143"/>
      </object_component>
      <object_component id="oc-de">
         <name>.debug_info</name>
         <load_address>0x4261</load_address>
         <run_address>0x4261</run_address>
         <size>0xc8</size>
         <input_file_ref idref="fl-148"/>
      </object_component>
      <object_component id="oc-e0">
         <name>.debug_info</name>
         <load_address>0x4329</load_address>
         <run_address>0x4329</run_address>
         <size>0xdb</size>
         <input_file_ref idref="fl-13d"/>
      </object_component>
      <object_component id="oc-e2">
         <name>.debug_info</name>
         <load_address>0x4404</load_address>
         <run_address>0x4404</run_address>
         <size>0x89</size>
         <input_file_ref idref="fl-13a"/>
      </object_component>
      <object_component id="oc-e9">
         <name>.debug_info</name>
         <load_address>0x448d</load_address>
         <run_address>0x448d</run_address>
         <size>0x83</size>
         <input_file_ref idref="fl-144"/>
      </object_component>
      <object_component id="oc-ef">
         <name>.debug_info</name>
         <load_address>0x4510</load_address>
         <run_address>0x4510</run_address>
         <size>0x46</size>
         <input_file_ref idref="fl-13a"/>
      </object_component>
      <object_component id="oc-f4">
         <name>.debug_info</name>
         <load_address>0x4556</load_address>
         <run_address>0x4556</run_address>
         <size>0xe8</size>
         <input_file_ref idref="fl-13a"/>
      </object_component>
      <object_component id="oc-f5">
         <name>.debug_info</name>
         <load_address>0x463e</load_address>
         <run_address>0x463e</run_address>
         <size>0x2c</size>
         <input_file_ref idref="fl-13b"/>
      </object_component>
      <object_component id="oc-fa">
         <name>.debug_info</name>
         <load_address>0x466a</load_address>
         <run_address>0x466a</run_address>
         <size>0xa8</size>
         <input_file_ref idref="fl-13c"/>
      </object_component>
      <object_component id="oc-fc">
         <name>.debug_info</name>
         <load_address>0x4712</load_address>
         <run_address>0x4712</run_address>
         <size>0x84</size>
         <input_file_ref idref="fl-13b"/>
      </object_component>
      <object_component id="oc-104">
         <name>.debug_info</name>
         <load_address>0x4796</load_address>
         <run_address>0x4796</run_address>
         <size>0x18b</size>
         <input_file_ref idref="fl-8"/>
      </object_component>
      <object_component id="oc-109">
         <name>.debug_info</name>
         <load_address>0x4921</load_address>
         <run_address>0x4921</run_address>
         <size>0x1b9</size>
         <input_file_ref idref="fl-8"/>
      </object_component>
      <object_component id="oc-10b">
         <name>.debug_info</name>
         <load_address>0x4ada</load_address>
         <run_address>0x4ada</run_address>
         <size>0x173</size>
         <input_file_ref idref="fl-e"/>
      </object_component>
      <object_component id="oc-110">
         <name>.debug_info</name>
         <load_address>0x4c4d</load_address>
         <run_address>0x4c4d</run_address>
         <size>0x90</size>
         <input_file_ref idref="fl-8"/>
      </object_component>
      <object_component id="oc-116">
         <name>.debug_info</name>
         <load_address>0x4cdd</load_address>
         <run_address>0x4cdd</run_address>
         <size>0x1a3</size>
         <input_file_ref idref="fl-f"/>
      </object_component>
      <object_component id="oc-11e">
         <name>.debug_info</name>
         <load_address>0x4e80</load_address>
         <run_address>0x4e80</run_address>
         <size>0x90</size>
         <input_file_ref idref="fl-3"/>
      </object_component>
      <object_component id="oc-123">
         <name>.debug_info</name>
         <load_address>0x4f10</load_address>
         <run_address>0x4f10</run_address>
         <size>0x722</size>
         <input_file_ref idref="fl-3"/>
      </object_component>
      <object_component id="oc-126">
         <name>.debug_info</name>
         <load_address>0x5632</load_address>
         <run_address>0x5632</run_address>
         <size>0x106</size>
         <input_file_ref idref="fl-147"/>
      </object_component>
      <object_component id="oc-12a">
         <name>.debug_info</name>
         <load_address>0x5738</load_address>
         <run_address>0x5738</run_address>
         <size>0xdc</size>
         <input_file_ref idref="fl-14d"/>
      </object_component>
      <object_component id="oc-12e">
         <name>.debug_info</name>
         <load_address>0x5814</load_address>
         <run_address>0x5814</run_address>
         <size>0x100</size>
         <input_file_ref idref="fl-14c"/>
      </object_component>
      <object_component id="oc-132">
         <name>.debug_info</name>
         <load_address>0x5914</load_address>
         <run_address>0x5914</run_address>
         <size>0x10c</size>
         <input_file_ref idref="fl-146"/>
      </object_component>
      <object_component id="oc-138">
         <name>.debug_info</name>
         <load_address>0x5a20</load_address>
         <run_address>0x5a20</run_address>
         <size>0x1d1</size>
         <input_file_ref idref="fl-c"/>
      </object_component>
      <object_component id="oc-13a">
         <name>.debug_info</name>
         <load_address>0x5bf1</load_address>
         <run_address>0x5bf1</run_address>
         <size>0x1bd</size>
         <input_file_ref idref="fl-a"/>
      </object_component>
      <object_component id="oc-13d">
         <name>.debug_info</name>
         <load_address>0x5dae</load_address>
         <run_address>0x5dae</run_address>
         <size>0x176</size>
         <input_file_ref idref="fl-e"/>
      </object_component>
      <object_component id="oc-149">
         <name>.debug_info</name>
         <load_address>0x5f24</load_address>
         <run_address>0x5f24</run_address>
         <size>0x143</size>
         <input_file_ref idref="fl-14b"/>
      </object_component>
      <object_component id="oc-14b">
         <name>.debug_info</name>
         <load_address>0x6067</load_address>
         <run_address>0x6067</run_address>
         <size>0x2d4</size>
         <input_file_ref idref="fl-9"/>
      </object_component>
      <object_component id="oc-150">
         <name>.debug_info</name>
         <load_address>0x633b</load_address>
         <run_address>0x633b</run_address>
         <size>0x171</size>
         <input_file_ref idref="fl-d"/>
      </object_component>
      <object_component id="oc-155">
         <name>.debug_info</name>
         <load_address>0x64ac</load_address>
         <run_address>0x64ac</run_address>
         <size>0x189</size>
         <input_file_ref idref="fl-d"/>
      </object_component>
      <object_component id="oc-15a">
         <name>.debug_info</name>
         <load_address>0x6635</load_address>
         <run_address>0x6635</run_address>
         <size>0x1e1</size>
         <input_file_ref idref="fl-9"/>
      </object_component>
      <object_component id="oc-15f">
         <name>.debug_info</name>
         <load_address>0x6816</load_address>
         <run_address>0x6816</run_address>
         <size>0x1eb</size>
         <input_file_ref idref="fl-c"/>
      </object_component>
      <object_component id="oc-164">
         <name>.debug_info</name>
         <load_address>0x6a01</load_address>
         <run_address>0x6a01</run_address>
         <size>0x1f0</size>
         <input_file_ref idref="fl-8"/>
      </object_component>
      <object_component id="oc-169">
         <name>.debug_info</name>
         <load_address>0x6bf1</load_address>
         <run_address>0x6bf1</run_address>
         <size>0x202</size>
         <input_file_ref idref="fl-9"/>
      </object_component>
      <object_component id="oc-16e">
         <name>.debug_info</name>
         <load_address>0x6df3</load_address>
         <run_address>0x6df3</run_address>
         <size>0x21e</size>
         <input_file_ref idref="fl-8"/>
      </object_component>
      <object_component id="oc-173">
         <name>.debug_info</name>
         <load_address>0x7011</load_address>
         <run_address>0x7011</run_address>
         <size>0x1cc</size>
         <input_file_ref idref="fl-b"/>
      </object_component>
      <object_component id="oc-178">
         <name>.debug_info</name>
         <load_address>0x71dd</load_address>
         <run_address>0x71dd</run_address>
         <size>0x1f8</size>
         <input_file_ref idref="fl-8"/>
      </object_component>
      <object_component id="oc-17d">
         <name>.debug_info</name>
         <load_address>0x73d5</load_address>
         <run_address>0x73d5</run_address>
         <size>0x1dd</size>
         <input_file_ref idref="fl-c"/>
      </object_component>
      <object_component id="oc-182">
         <name>.debug_info</name>
         <load_address>0x75b2</load_address>
         <run_address>0x75b2</run_address>
         <size>0x28a</size>
         <input_file_ref idref="fl-f"/>
      </object_component>
      <object_component id="oc-187">
         <name>.debug_info</name>
         <load_address>0x783c</load_address>
         <run_address>0x783c</run_address>
         <size>0x297</size>
         <input_file_ref idref="fl-f"/>
      </object_component>
      <object_component id="oc-18c">
         <name>.debug_info</name>
         <load_address>0x7ad3</load_address>
         <run_address>0x7ad3</run_address>
         <size>0x204</size>
         <input_file_ref idref="fl-f"/>
      </object_component>
      <object_component id="oc-191">
         <name>.debug_info</name>
         <load_address>0x7cd7</load_address>
         <run_address>0x7cd7</run_address>
         <size>0x1e4</size>
         <input_file_ref idref="fl-c"/>
      </object_component>
      <object_component id="oc-196">
         <name>.debug_info</name>
         <load_address>0x7ebb</load_address>
         <run_address>0x7ebb</run_address>
         <size>0x1dd</size>
         <input_file_ref idref="fl-c"/>
      </object_component>
      <object_component id="oc-19b">
         <name>.debug_info</name>
         <load_address>0x8098</load_address>
         <run_address>0x8098</run_address>
         <size>0x3c0</size>
         <input_file_ref idref="fl-a"/>
      </object_component>
      <object_component id="oc-1a0">
         <name>.debug_info</name>
         <load_address>0x8458</load_address>
         <run_address>0x8458</run_address>
         <size>0x1e3</size>
         <input_file_ref idref="fl-8"/>
      </object_component>
      <object_component id="oc-1a5">
         <name>.debug_info</name>
         <load_address>0x863b</load_address>
         <run_address>0x863b</run_address>
         <size>0x1a6</size>
         <input_file_ref idref="fl-a"/>
      </object_component>
      <object_component id="oc-1ab">
         <name>.debug_info</name>
         <load_address>0x87e1</load_address>
         <run_address>0x87e1</run_address>
         <size>0x1ba</size>
         <input_file_ref idref="fl-148"/>
      </object_component>
      <object_component id="oc-1b0">
         <name>.debug_info</name>
         <load_address>0x899b</load_address>
         <run_address>0x899b</run_address>
         <size>0xd4</size>
         <input_file_ref idref="fl-148"/>
      </object_component>
      <object_component id="oc-1b3">
         <name>.debug_info</name>
         <load_address>0x8a6f</load_address>
         <run_address>0x8a6f</run_address>
         <size>0x131</size>
         <input_file_ref idref="fl-13d"/>
      </object_component>
      <object_component id="oc-1c0">
         <name>.debug_info</name>
         <load_address>0x8ba0</load_address>
         <run_address>0x8ba0</run_address>
         <size>0xa9</size>
         <input_file_ref idref="fl-147"/>
      </object_component>
      <object_component id="oc-1c5">
         <name>.debug_info</name>
         <load_address>0x8c49</load_address>
         <run_address>0x8c49</run_address>
         <size>0x106</size>
         <input_file_ref idref="fl-146"/>
      </object_component>
      <object_component id="oc-1cd">
         <name>.debug_info</name>
         <load_address>0x8d4f</load_address>
         <run_address>0x8d4f</run_address>
         <size>0xcd</size>
         <input_file_ref idref="fl-14b"/>
      </object_component>
      <object_component id="oc-1d4">
         <name>.debug_info</name>
         <load_address>0x8e1c</load_address>
         <run_address>0x8e1c</run_address>
         <size>0x1e2</size>
         <input_file_ref idref="fl-9"/>
      </object_component>
      <object_component id="oc-1d9">
         <name>.debug_info</name>
         <load_address>0x8ffe</load_address>
         <run_address>0x8ffe</run_address>
         <size>0x265</size>
         <input_file_ref idref="fl-c"/>
      </object_component>
      <object_component id="oc-1de">
         <name>.debug_info</name>
         <load_address>0x9263</load_address>
         <run_address>0x9263</run_address>
         <size>0x215</size>
         <input_file_ref idref="fl-c"/>
      </object_component>
      <object_component id="oc-1e5">
         <name>.debug_info</name>
         <load_address>0x9478</load_address>
         <run_address>0x9478</run_address>
         <size>0xff</size>
         <input_file_ref idref="fl-9"/>
      </object_component>
      <object_component id="oc-1e9">
         <name>.debug_info</name>
         <load_address>0x9577</load_address>
         <run_address>0x9577</run_address>
         <size>0x1c2</size>
         <input_file_ref idref="fl-b"/>
      </object_component>
      <object_component id="oc-1eb">
         <name>.debug_info</name>
         <load_address>0x9739</load_address>
         <run_address>0x9739</run_address>
         <size>0x1ba</size>
         <input_file_ref idref="fl-b"/>
      </object_component>
      <object_component id="oc-1f2">
         <name>.debug_info</name>
         <load_address>0x98f3</load_address>
         <run_address>0x98f3</run_address>
         <size>0x10d</size>
         <input_file_ref idref="fl-c"/>
      </object_component>
      <object_component id="oc-22c">
         <name>.debug_info</name>
         <load_address>0x9a00</load_address>
         <run_address>0x9a00</run_address>
         <size>0x9e</size>
      </object_component>
      <object_component id="oc-12">
         <name>.debug_line</name>
         <load_address>0x0</load_address>
         <run_address>0x0</run_address>
         <size>0x4f</size>
         <input_file_ref idref="fl-139"/>
      </object_component>
      <object_component id="oc-16">
         <name>.debug_line</name>
         <load_address>0x4f</load_address>
         <run_address>0x4f</run_address>
         <size>0x4d</size>
         <input_file_ref idref="fl-13a"/>
      </object_component>
      <object_component id="oc-1a">
         <name>.debug_line</name>
         <load_address>0x9c</load_address>
         <run_address>0x9c</run_address>
         <size>0x4c</size>
         <input_file_ref idref="fl-13c"/>
      </object_component>
      <object_component id="oc-1e">
         <name>.debug_line</name>
         <load_address>0xe8</load_address>
         <run_address>0xe8</run_address>
         <size>0x4c</size>
         <input_file_ref idref="fl-13b"/>
      </object_component>
      <object_component id="oc-23">
         <name>.debug_line</name>
         <load_address>0x134</load_address>
         <run_address>0x134</run_address>
         <size>0x46</size>
         <input_file_ref idref="fl-2"/>
      </object_component>
      <object_component id="oc-28">
         <name>.debug_line</name>
         <load_address>0x17a</load_address>
         <run_address>0x17a</run_address>
         <size>0x49</size>
         <input_file_ref idref="fl-2"/>
      </object_component>
      <object_component id="oc-2d">
         <name>.debug_line</name>
         <load_address>0x1c3</load_address>
         <run_address>0x1c3</run_address>
         <size>0x49</size>
         <input_file_ref idref="fl-2"/>
      </object_component>
      <object_component id="oc-32">
         <name>.debug_line</name>
         <load_address>0x20c</load_address>
         <run_address>0x20c</run_address>
         <size>0x49</size>
         <input_file_ref idref="fl-2"/>
      </object_component>
      <object_component id="oc-37">
         <name>.debug_line</name>
         <load_address>0x255</load_address>
         <run_address>0x255</run_address>
         <size>0xb9</size>
         <input_file_ref idref="fl-3"/>
      </object_component>
      <object_component id="oc-3b">
         <name>.debug_line</name>
         <load_address>0x30e</load_address>
         <run_address>0x30e</run_address>
         <size>0x34</size>
         <input_file_ref idref="fl-2"/>
      </object_component>
      <object_component id="oc-3f">
         <name>.debug_line</name>
         <load_address>0x342</load_address>
         <run_address>0x342</run_address>
         <size>0x87</size>
         <input_file_ref idref="fl-14a"/>
      </object_component>
      <object_component id="oc-43">
         <name>.debug_line</name>
         <load_address>0x3c9</load_address>
         <run_address>0x3c9</run_address>
         <size>0x42</size>
         <input_file_ref idref="fl-149"/>
      </object_component>
      <object_component id="oc-47">
         <name>.debug_line</name>
         <load_address>0x40b</load_address>
         <run_address>0x40b</run_address>
         <size>0x71</size>
         <input_file_ref idref="fl-13d"/>
      </object_component>
      <object_component id="oc-4e">
         <name>.debug_line</name>
         <load_address>0x47c</load_address>
         <run_address>0x47c</run_address>
         <size>0x88</size>
         <input_file_ref idref="fl-142"/>
      </object_component>
      <object_component id="oc-53">
         <name>.debug_line</name>
         <load_address>0x504</load_address>
         <run_address>0x504</run_address>
         <size>0x3a</size>
         <input_file_ref idref="fl-13a"/>
      </object_component>
      <object_component id="oc-59">
         <name>.debug_line</name>
         <load_address>0x53e</load_address>
         <run_address>0x53e</run_address>
         <size>0x34</size>
         <input_file_ref idref="fl-13c"/>
      </object_component>
      <object_component id="oc-5e">
         <name>.debug_line</name>
         <load_address>0x572</load_address>
         <run_address>0x572</run_address>
         <size>0x58</size>
         <input_file_ref idref="fl-13b"/>
      </object_component>
      <object_component id="oc-64">
         <name>.debug_line</name>
         <load_address>0x5ca</load_address>
         <run_address>0x5ca</run_address>
         <size>0x39</size>
         <input_file_ref idref="fl-13b"/>
      </object_component>
      <object_component id="oc-6d">
         <name>.debug_line</name>
         <load_address>0x603</load_address>
         <run_address>0x603</run_address>
         <size>0x6c</size>
         <input_file_ref idref="fl-8"/>
      </object_component>
      <object_component id="oc-72">
         <name>.debug_line</name>
         <load_address>0x66f</load_address>
         <run_address>0x66f</run_address>
         <size>0x70</size>
         <input_file_ref idref="fl-b"/>
      </object_component>
      <object_component id="oc-77">
         <name>.debug_line</name>
         <load_address>0x6df</load_address>
         <run_address>0x6df</run_address>
         <size>0x6a</size>
         <input_file_ref idref="fl-f"/>
      </object_component>
      <object_component id="oc-7c">
         <name>.debug_line</name>
         <load_address>0x749</load_address>
         <run_address>0x749</run_address>
         <size>0x7a</size>
         <input_file_ref idref="fl-f"/>
      </object_component>
      <object_component id="oc-81">
         <name>.debug_line</name>
         <load_address>0x7c3</load_address>
         <run_address>0x7c3</run_address>
         <size>0x6a</size>
         <input_file_ref idref="fl-f"/>
      </object_component>
      <object_component id="oc-86">
         <name>.debug_line</name>
         <load_address>0x82d</load_address>
         <run_address>0x82d</run_address>
         <size>0x78</size>
         <input_file_ref idref="fl-f"/>
      </object_component>
      <object_component id="oc-8b">
         <name>.debug_line</name>
         <load_address>0x8a5</load_address>
         <run_address>0x8a5</run_address>
         <size>0x4c</size>
         <input_file_ref idref="fl-145"/>
      </object_component>
      <object_component id="oc-8f">
         <name>.debug_line</name>
         <load_address>0x8f1</load_address>
         <run_address>0x8f1</run_address>
         <size>0x8e</size>
         <input_file_ref idref="fl-13e"/>
      </object_component>
      <object_component id="oc-93">
         <name>.debug_line</name>
         <load_address>0x97f</load_address>
         <run_address>0x97f</run_address>
         <size>0x58</size>
         <input_file_ref idref="fl-13f"/>
      </object_component>
      <object_component id="oc-97">
         <name>.debug_line</name>
         <load_address>0x9d7</load_address>
         <run_address>0x9d7</run_address>
         <size>0x42</size>
         <input_file_ref idref="fl-3"/>
      </object_component>
      <object_component id="oc-9c">
         <name>.debug_line</name>
         <load_address>0xa19</load_address>
         <run_address>0xa19</run_address>
         <size>0x56</size>
         <input_file_ref idref="fl-141"/>
      </object_component>
      <object_component id="oc-a0">
         <name>.debug_line</name>
         <load_address>0xa6f</load_address>
         <run_address>0xa6f</run_address>
         <size>0x41</size>
         <input_file_ref idref="fl-143"/>
      </object_component>
      <object_component id="oc-a4">
         <name>.debug_line</name>
         <load_address>0xab0</load_address>
         <run_address>0xab0</run_address>
         <size>0x59</size>
         <input_file_ref idref="fl-140"/>
      </object_component>
      <object_component id="oc-a8">
         <name>.debug_line</name>
         <load_address>0xb09</load_address>
         <run_address>0xb09</run_address>
         <size>0x6b</size>
         <input_file_ref idref="fl-c"/>
      </object_component>
      <object_component id="oc-ad">
         <name>.debug_line</name>
         <load_address>0xb74</load_address>
         <run_address>0xb74</run_address>
         <size>0x6d</size>
         <input_file_ref idref="fl-a"/>
      </object_component>
      <object_component id="oc-b2">
         <name>.debug_line</name>
         <load_address>0xbe1</load_address>
         <run_address>0xbe1</run_address>
         <size>0x6a</size>
         <input_file_ref idref="fl-a"/>
      </object_component>
      <object_component id="oc-b7">
         <name>.debug_line</name>
         <load_address>0xc4b</load_address>
         <run_address>0xc4b</run_address>
         <size>0x70</size>
         <input_file_ref idref="fl-b"/>
      </object_component>
      <object_component id="oc-c2">
         <name>.debug_line</name>
         <load_address>0xcbb</load_address>
         <run_address>0xcbb</run_address>
         <size>0x34</size>
         <input_file_ref idref="fl-2"/>
      </object_component>
      <object_component id="oc-c5">
         <name>.debug_line</name>
         <load_address>0xcef</load_address>
         <run_address>0xcef</run_address>
         <size>0x20</size>
         <input_file_ref idref="fl-2"/>
      </object_component>
      <object_component id="oc-ca">
         <name>.debug_line</name>
         <load_address>0xd0f</load_address>
         <run_address>0xd0f</run_address>
         <size>0x59</size>
         <input_file_ref idref="fl-2"/>
      </object_component>
      <object_component id="oc-cf">
         <name>.debug_line</name>
         <load_address>0xd68</load_address>
         <run_address>0xd68</run_address>
         <size>0x43</size>
         <input_file_ref idref="fl-14b"/>
      </object_component>
      <object_component id="oc-d4">
         <name>.debug_line</name>
         <load_address>0xdab</load_address>
         <run_address>0xdab</run_address>
         <size>0x82</size>
         <input_file_ref idref="fl-3"/>
      </object_component>
      <object_component id="oc-da">
         <name>.debug_line</name>
         <load_address>0xe2d</load_address>
         <run_address>0xe2d</run_address>
         <size>0x20</size>
         <input_file_ref idref="fl-143"/>
      </object_component>
      <object_component id="oc-e4">
         <name>.debug_line</name>
         <load_address>0xe4d</load_address>
         <run_address>0xe4d</run_address>
         <size>0x20</size>
         <input_file_ref idref="fl-13a"/>
      </object_component>
      <object_component id="oc-e8">
         <name>.debug_line</name>
         <load_address>0xe6d</load_address>
         <run_address>0xe6d</run_address>
         <size>0x33</size>
         <input_file_ref idref="fl-144"/>
      </object_component>
      <object_component id="oc-eb">
         <name>.debug_line</name>
         <load_address>0xea0</load_address>
         <run_address>0xea0</run_address>
         <size>0x20</size>
         <input_file_ref idref="fl-144"/>
      </object_component>
      <object_component id="oc-f1">
         <name>.debug_line</name>
         <load_address>0xec0</load_address>
         <run_address>0xec0</run_address>
         <size>0x44</size>
         <input_file_ref idref="fl-13a"/>
      </object_component>
      <object_component id="oc-f7">
         <name>.debug_line</name>
         <load_address>0xf04</load_address>
         <run_address>0xf04</run_address>
         <size>0x44</size>
         <input_file_ref idref="fl-13b"/>
      </object_component>
      <object_component id="oc-fe">
         <name>.debug_line</name>
         <load_address>0xf48</load_address>
         <run_address>0xf48</run_address>
         <size>0x20</size>
         <input_file_ref idref="fl-13b"/>
      </object_component>
      <object_component id="oc-102">
         <name>.debug_line</name>
         <load_address>0xf68</load_address>
         <run_address>0xf68</run_address>
         <size>0x20</size>
         <input_file_ref idref="fl-13b"/>
      </object_component>
      <object_component id="oc-106">
         <name>.debug_line</name>
         <load_address>0xf88</load_address>
         <run_address>0xf88</run_address>
         <size>0x5e</size>
         <input_file_ref idref="fl-8"/>
      </object_component>
      <object_component id="oc-10c">
         <name>.debug_line</name>
         <load_address>0xfe6</load_address>
         <run_address>0xfe6</run_address>
         <size>0x6a</size>
         <input_file_ref idref="fl-e"/>
      </object_component>
      <object_component id="oc-112">
         <name>.debug_line</name>
         <load_address>0x1050</load_address>
         <run_address>0x1050</run_address>
         <size>0x20</size>
         <input_file_ref idref="fl-8"/>
      </object_component>
      <object_component id="oc-120">
         <name>.debug_line</name>
         <load_address>0x1070</load_address>
         <run_address>0x1070</run_address>
         <size>0x20</size>
         <input_file_ref idref="fl-3"/>
      </object_component>
      <object_component id="oc-127">
         <name>.debug_line</name>
         <load_address>0x1090</load_address>
         <run_address>0x1090</run_address>
         <size>0x40</size>
         <input_file_ref idref="fl-147"/>
      </object_component>
      <object_component id="oc-12b">
         <name>.debug_line</name>
         <load_address>0x10d0</load_address>
         <run_address>0x10d0</run_address>
         <size>0x73</size>
         <input_file_ref idref="fl-14d"/>
      </object_component>
      <object_component id="oc-12f">
         <name>.debug_line</name>
         <load_address>0x1143</load_address>
         <run_address>0x1143</run_address>
         <size>0xd2</size>
         <input_file_ref idref="fl-14c"/>
      </object_component>
      <object_component id="oc-133">
         <name>.debug_line</name>
         <load_address>0x1215</load_address>
         <run_address>0x1215</run_address>
         <size>0x41</size>
         <input_file_ref idref="fl-146"/>
      </object_component>
      <object_component id="oc-13e">
         <name>.debug_line</name>
         <load_address>0x1256</load_address>
         <run_address>0x1256</run_address>
         <size>0x6a</size>
         <input_file_ref idref="fl-e"/>
      </object_component>
      <object_component id="oc-143">
         <name>.debug_line</name>
         <load_address>0x12c0</load_address>
         <run_address>0x12c0</run_address>
         <size>0x2d</size>
         <input_file_ref idref="fl-3"/>
      </object_component>
      <object_component id="oc-145">
         <name>.debug_line</name>
         <load_address>0x12ed</load_address>
         <run_address>0x12ed</run_address>
         <size>0x2d</size>
         <input_file_ref idref="fl-3"/>
      </object_component>
      <object_component id="oc-147">
         <name>.debug_line</name>
         <load_address>0x131a</load_address>
         <run_address>0x131a</run_address>
         <size>0x2d</size>
         <input_file_ref idref="fl-3"/>
      </object_component>
      <object_component id="oc-14c">
         <name>.debug_line</name>
         <load_address>0x1347</load_address>
         <run_address>0x1347</run_address>
         <size>0xd2</size>
         <input_file_ref idref="fl-9"/>
      </object_component>
      <object_component id="oc-151">
         <name>.debug_line</name>
         <load_address>0x1419</load_address>
         <run_address>0x1419</run_address>
         <size>0x67</size>
         <input_file_ref idref="fl-d"/>
      </object_component>
      <object_component id="oc-156">
         <name>.debug_line</name>
         <load_address>0x1480</load_address>
         <run_address>0x1480</run_address>
         <size>0x6a</size>
         <input_file_ref idref="fl-d"/>
      </object_component>
      <object_component id="oc-15b">
         <name>.debug_line</name>
         <load_address>0x14ea</load_address>
         <run_address>0x14ea</run_address>
         <size>0x6d</size>
         <input_file_ref idref="fl-9"/>
      </object_component>
      <object_component id="oc-160">
         <name>.debug_line</name>
         <load_address>0x1557</load_address>
         <run_address>0x1557</run_address>
         <size>0x6c</size>
         <input_file_ref idref="fl-c"/>
      </object_component>
      <object_component id="oc-165">
         <name>.debug_line</name>
         <load_address>0x15c3</load_address>
         <run_address>0x15c3</run_address>
         <size>0x71</size>
         <input_file_ref idref="fl-8"/>
      </object_component>
      <object_component id="oc-16a">
         <name>.debug_line</name>
         <load_address>0x1634</load_address>
         <run_address>0x1634</run_address>
         <size>0xc8</size>
         <input_file_ref idref="fl-9"/>
      </object_component>
      <object_component id="oc-16f">
         <name>.debug_line</name>
         <load_address>0x16fc</load_address>
         <run_address>0x16fc</run_address>
         <size>0x75</size>
         <input_file_ref idref="fl-8"/>
      </object_component>
      <object_component id="oc-174">
         <name>.debug_line</name>
         <load_address>0x1771</load_address>
         <run_address>0x1771</run_address>
         <size>0x99</size>
         <input_file_ref idref="fl-b"/>
      </object_component>
      <object_component id="oc-179">
         <name>.debug_line</name>
         <load_address>0x180a</load_address>
         <run_address>0x180a</run_address>
         <size>0x6c</size>
         <input_file_ref idref="fl-8"/>
      </object_component>
      <object_component id="oc-17e">
         <name>.debug_line</name>
         <load_address>0x1876</load_address>
         <run_address>0x1876</run_address>
         <size>0x6c</size>
         <input_file_ref idref="fl-c"/>
      </object_component>
      <object_component id="oc-183">
         <name>.debug_line</name>
         <load_address>0x18e2</load_address>
         <run_address>0x18e2</run_address>
         <size>0x6f</size>
         <input_file_ref idref="fl-f"/>
      </object_component>
      <object_component id="oc-188">
         <name>.debug_line</name>
         <load_address>0x1951</load_address>
         <run_address>0x1951</run_address>
         <size>0x83</size>
         <input_file_ref idref="fl-f"/>
      </object_component>
      <object_component id="oc-18d">
         <name>.debug_line</name>
         <load_address>0x19d4</load_address>
         <run_address>0x19d4</run_address>
         <size>0x6a</size>
         <input_file_ref idref="fl-f"/>
      </object_component>
      <object_component id="oc-192">
         <name>.debug_line</name>
         <load_address>0x1a3e</load_address>
         <run_address>0x1a3e</run_address>
         <size>0x80</size>
         <input_file_ref idref="fl-c"/>
      </object_component>
      <object_component id="oc-197">
         <name>.debug_line</name>
         <load_address>0x1abe</load_address>
         <run_address>0x1abe</run_address>
         <size>0x6c</size>
         <input_file_ref idref="fl-c"/>
      </object_component>
      <object_component id="oc-19c">
         <name>.debug_line</name>
         <load_address>0x1b2a</load_address>
         <run_address>0x1b2a</run_address>
         <size>0x7b</size>
         <input_file_ref idref="fl-a"/>
      </object_component>
      <object_component id="oc-1a1">
         <name>.debug_line</name>
         <load_address>0x1ba5</load_address>
         <run_address>0x1ba5</run_address>
         <size>0x6c</size>
         <input_file_ref idref="fl-8"/>
      </object_component>
      <object_component id="oc-1a6">
         <name>.debug_line</name>
         <load_address>0x1c11</load_address>
         <run_address>0x1c11</run_address>
         <size>0x6a</size>
         <input_file_ref idref="fl-a"/>
      </object_component>
      <object_component id="oc-1ac">
         <name>.debug_line</name>
         <load_address>0x1c7b</load_address>
         <run_address>0x1c7b</run_address>
         <size>0x60</size>
         <input_file_ref idref="fl-148"/>
      </object_component>
      <object_component id="oc-1af">
         <name>.debug_line</name>
         <load_address>0x1cdb</load_address>
         <run_address>0x1cdb</run_address>
         <size>0x2b</size>
         <input_file_ref idref="fl-148"/>
      </object_component>
      <object_component id="oc-1b2">
         <name>.debug_line</name>
         <load_address>0x1d06</load_address>
         <run_address>0x1d06</run_address>
         <size>0x2a</size>
         <input_file_ref idref="fl-13d"/>
      </object_component>
      <object_component id="oc-1b5">
         <name>.debug_line</name>
         <load_address>0x1d30</load_address>
         <run_address>0x1d30</run_address>
         <size>0x20</size>
         <input_file_ref idref="fl-13a"/>
      </object_component>
      <object_component id="oc-1b7">
         <name>.debug_line</name>
         <load_address>0x1d50</load_address>
         <run_address>0x1d50</run_address>
         <size>0x20</size>
         <input_file_ref idref="fl-13c"/>
      </object_component>
      <object_component id="oc-1b9">
         <name>.debug_line</name>
         <load_address>0x1d70</load_address>
         <run_address>0x1d70</run_address>
         <size>0x5b</size>
         <input_file_ref idref="fl-8"/>
      </object_component>
      <object_component id="oc-1bc">
         <name>.debug_line</name>
         <load_address>0x1dcb</load_address>
         <run_address>0x1dcb</run_address>
         <size>0x5b</size>
         <input_file_ref idref="fl-f"/>
      </object_component>
      <object_component id="oc-1be">
         <name>.debug_line</name>
         <load_address>0x1e26</load_address>
         <run_address>0x1e26</run_address>
         <size>0x1ac</size>
         <input_file_ref idref="fl-3"/>
      </object_component>
      <object_component id="oc-1c7">
         <name>.debug_line</name>
         <load_address>0x1fd2</load_address>
         <run_address>0x1fd2</run_address>
         <size>0x5b</size>
         <input_file_ref idref="fl-c"/>
      </object_component>
      <object_component id="oc-1c9">
         <name>.debug_line</name>
         <load_address>0x202d</load_address>
         <run_address>0x202d</run_address>
         <size>0x5b</size>
         <input_file_ref idref="fl-a"/>
      </object_component>
      <object_component id="oc-1cc">
         <name>.debug_line</name>
         <load_address>0x2088</load_address>
         <run_address>0x2088</run_address>
         <size>0x51</size>
         <input_file_ref idref="fl-14b"/>
      </object_component>
      <object_component id="oc-1cf">
         <name>.debug_line</name>
         <load_address>0x20d9</load_address>
         <run_address>0x20d9</run_address>
         <size>0x45</size>
         <input_file_ref idref="fl-14b"/>
      </object_component>
      <object_component id="oc-1da">
         <name>.debug_line</name>
         <load_address>0x211e</load_address>
         <run_address>0x211e</run_address>
         <size>0x85</size>
         <input_file_ref idref="fl-c"/>
      </object_component>
      <object_component id="oc-1df">
         <name>.debug_line</name>
         <load_address>0x21a3</load_address>
         <run_address>0x21a3</run_address>
         <size>0x6e</size>
         <input_file_ref idref="fl-c"/>
      </object_component>
      <object_component id="oc-1fa">
         <name>.debug_line</name>
         <load_address>0x2211</load_address>
         <run_address>0x2211</run_address>
         <size>0x20</size>
         <input_file_ref idref="fl-148"/>
      </object_component>
      <object_component id="oc-1fc">
         <name>.debug_line</name>
         <load_address>0x2231</load_address>
         <run_address>0x2231</run_address>
         <size>0x43</size>
         <input_file_ref idref="fl-13d"/>
      </object_component>
      <object_component id="oc-1fe">
         <name>.debug_line</name>
         <load_address>0x2274</load_address>
         <run_address>0x2274</run_address>
         <size>0x20</size>
[...]
            <logical_group_ref idref="lg-a"/>
         </contents>
      </load_segment>
   </logical_group_list>
   <placement_map>
      <memory_area>
         <name>FLASH</name>
         <page_id>0x0</page_id>
         <origin>0x0</origin>
         <length>0x40000</length>
         <used_space>0x15a0</used_space>
         <unused_space>0x3ea60</unused_space>
         <attributes>RX</attributes>
         <usage_details>
            <allocated_space>
               <start_address>0x0</start_address>
               <size>0x26c</size>
               <logical_group_ref idref="lg-3"/>
            </allocated_space>
            <allocated_space>
               <start_address>0x26c</start_address>
               <size>0x1168</size>
               <logical_group_ref idref="lg-4"/>
            </allocated_space>
            <allocated_space>
               <start_address>0x13d4</start_address>
               <size>0x184</size>
               <logical_group_ref idref="lg-5"/>
            </allocated_space>
            <allocated_space>
               <start_address>0x1558</start_address>
               <size>0x48</size>
               <logical_group_ref idref="lg-6"/>
            </allocated_space>
            <available_space>
               <start_address>0x15a0</start_address>
               <size>0x3ea60</size>
            </available_space>
         </usage_details>
      </memory_area>
      <memory_area>
         <name>SRAM</name>
         <page_id>0x0</page_id>
         <origin>0x20000000</origin>
         <length>0x8000</length>
         <used_space>0x4f7c</used_space>
         <unused_space>0x3084</unused_space>
         <attributes>RWX</attributes>
         <usage_details>
            <allocated_space>
               <start_address>0x20000000</start_address>
               <size>0x4e44</size>
               <logical_group_ref idref="lg-b"/>
            </allocated_space>
            <allocated_space>
               <start_address>0x20004e44</start_address>
               <size>0x100</size>
               <logical_group_ref idref="lg-d"/>
            </allocated_space>
            <allocated_space>
               <start_address>0x20004f44</start_address>
               <size>0x38</size>
               <logical_group_ref idref="lg-a"/>
            </allocated_space>
            <available_space>
               <start_address>0x20004f7c</start_address>
               <size>0x3084</size>
            </available_space>
         </usage_details>
      </memory_area>
   </placement_map>
   <cptbl_list>
      <cptbl>
         <name>__TI_cinit_table</name>
         <cprec>
            <name>.data</name>
            <load_address>0x1558</load_address>
            <load_size>0x1e</load_size>
            <run_address>0x20004f44</run_address>
            <run_size>0x38</run_size>
            <compression>rle</compression>
         </cprec>
         <cprec>
            <name>.bss</name>
            <load_address>0x1588</load_address>
            <load_size>0x8</load_size>
            <run_address>0x20000000</run_address>
            <run_size>0x4e44</run_size>
            <compression>zero_init</compression>
         </cprec>
      </cptbl>
   </cptbl_list>
   <handler_table>
      <handler_table_name>__TI_handler_table</handler_table_name>
      <handler>
         <index>0x0</index>
         <name>__TI_decompress_rle24</name>
      </handler>
      <handler>
         <index>0x1</index>
         <name>__TI_decompress_none</name>
      </handler>
      <handler>
         <index>0x2</index>
         <name>__TI_zero_init</name>
      </handler>
   </handler_table>
   <symbol_table>
      <symbol id="sm-1">
         <name>__STACK_TOP</name>
         <value>0x20004f44</value>
      </symbol>
      <symbol id="sm-2">
         <name>__TI_CINIT_Base</name>
         <value>0x1590</value>
      </symbol>
      <symbol id="sm-3">
         <name>__TI_CINIT_Limit</name>
         <value>0x15a0</value>
      </symbol>
      <symbol id="sm-4">
         <name>__TI_Handler_Table_Base</name>
         <value>0x1578</value>
      </symbol>
      <symbol id="sm-5">
         <name>__TI_Handler_Table_Limit</name>
         <value>0x1584</value>
      </symbol>
      <symbol id="sm-6">
         <name>binit</name>
         <value>0xffffffff</value>
      </symbol>
      <symbol id="sm-7">
         <name>__binit__</name>
         <value>0xffffffff</value>
      </symbol>
      <symbol id="sm-8">
         <name>__STACK_SIZE</name>
         <value>0x100</value>
      </symbol>
      <symbol id="sm-9">
         <name>__STACK_END</name>
         <value>0x20004f44</value>
      </symbol>
      <symbol id="sm-a">
         <name>__c_args__</name>
         <value>0xffffffff</value>
      </symbol>
      <symbol id="sm-58">
         <name>ResetISR</name>
         <value>0x13bf</value>
         <object_component_ref idref="oc-21"/>
      </symbol>
      <symbol id="sm-59">
         <name>g_pfnVectors</name>
         <value>0x0</value>
         <object_component_ref idref="oc-e"/>
      </symbol>
      <symbol id="sm-c0">
         <name>valor</name>
         <value>0x20004e20</value>
         <object_component_ref idref="oc-ba"/>
      </symbol>
      <symbol id="sm-c1">
         <name>tmax</name>
         <value>0x20004f5c</value>
         <object_component_ref idref="oc-bc"/>
      </symbol>
      <symbol id="sm-c2">
         <name>yexact</name>
         <value>0x20004e24</value>
         <object_component_ref idref="oc-ba"/>
      </symbol>
      <symbol id="sm-c3">
         <name>yp</name>
         <value>0x20004e2c</value>
         <object_component_ref idref="oc-ba"/>
      </symbol>
      <symbol id="sm-c4">
         <name>yd</name>
         <value>0x20000000</value>
         <object_component_ref idref="oc-be"/>
      </symbol>
      <symbol id="sm-c5">
         <name>cont</name>
         <value>0x20004f44</value>
         <object_component_ref idref="oc-bc"/>
      </symbol>
      <symbol id="sm-c6">
         <name>ystar</name>
         <value>0x20004e28</value>
         <object_component_ref idref="oc-ba"/>
      </symbol>
      <symbol id="sm-c7">
         <name>x</name>
         <value>0x20004e30</value>
         <object_component_ref idref="oc-ba"/>
      </symbol>
      <symbol id="sm-c8">
         <name>u</name>
         <value>0x20004f60</value>
         <object_component_ref idref="oc-bc"/>
      </symbol>
      <symbol id="sm-c9">
         <name>t</name>
         <value>0x20004f58</value>
         <object_component_ref idref="oc-bc"/>
      </symbol>
      <symbol id="sm-ca">
         <name>i</name>
         <value>0x20004e40</value>
         <object_component_ref idref="oc-ba"/>
      </symbol>
      <symbol id="sm-cb">
         <name>h</name>
         <value>0x20004f54</value>
         <object_component_ref idref="oc-bc"/>
      </symbol>
      <symbol id="sm-cc">
         <name>c</name>
         <value>0x20004f64</value>
         <object_component_ref idref="oc-bc"/>
      </symbol>
      <symbol id="sm-cd">
         <name>CalcDerivs</name>
         <value>0x1215</value>
         <object_component_ref idref="oc-95"/>
      </symbol>
      <symbol id="sm-ce">
         <name>spidat</name>
         <value>0x20004f4c</value>
         <object_component_ref idref="oc-bc"/>
      </symbol>
      <symbol id="sm-cf">
         <name>main</name>
         <value>0x5e5</value>
         <object_component_ref idref="oc-d2"/>
      </symbol>
      <symbol id="sm-d0">
         <name>outport</name>
         <value>0x20004f48</value>
         <object_component_ref idref="oc-bc"/>
      </symbol>
      <symbol id="sm-d1">
         <name>k1</name>
         <value>0x20004e38</value>
         <object_component_ref idref="oc-ba"/>
      </symbol>
      <symbol id="sm-d2">
         <name>periodo</name>
         <value>0x20004f50</value>
         <object_component_ref idref="oc-bc"/>
      </symbol>
      <symbol id="sm-d3">
         <name>Timer0IntHandler</name>
         <value>0x26d</value>
         <object_component_ref idref="oc-35"/>
      </symbol>
      <symbol id="sm-107">
         <name>TimerLoadSet</name>
         <value>0x12ef</value>
         <object_component_ref idref="oc-16d"/>
      </symbol>
      <symbol id="sm-108">
         <name>TimerEnable</name>
         <value>0x1343</value>
         <object_component_ref idref="oc-19f"/>
      </symbol>
      <symbol id="sm-109">
         <name>TimerIntEnable</name>
         <value>0x13b1</value>
         <object_component_ref idref="oc-177"/>
      </symbol>
      <symbol id="sm-10a">
         <name>TimerConfigure</name>
         <value>0x11ed</value>
         <object_component_ref idref="oc-163"/>
      </symbol>
      <symbol id="sm-10b">
         <name>TimerIntClear</name>
         <value>0x13d1</value>
         <object_component_ref idref="oc-6b"/>
      </symbol>
      <symbol id="sm-152">
         <name>SysCtlClockSet</name>
         <value>0x749</value>
         <object_component_ref idref="oc-14a"/>
      </symbol>
      <symbol id="sm-153">
         <name>SysCtlDelay</name>
         <value>0x13c5</value>
         <object_component_ref idref="oc-1d2"/>
      </symbol>
      <symbol id="sm-154">
         <name>SysCtlPeripheralEnable</name>
         <value>0x1135</value>
         <object_component_ref idref="oc-159"/>
      </symbol>
      <symbol id="sm-155">
         <name>SysCtlClockGet</name>
         <value>0x949</value>
         <object_component_ref idref="oc-168"/>
      </symbol>
      <symbol id="sm-17d">
         <name>SSIDataPut</name>
         <value>0x1395</value>
         <object_component_ref idref="oc-ab"/>
      </symbol>
      <symbol id="sm-17e">
         <name>SSIConfigSetExpClk</name>
         <value>0x1079</value>
         <object_component_ref idref="oc-19a"/>
      </symbol>
      <symbol id="sm-17f">
         <name>SSIEnable</name>
         <value>0x139f</value>
         <object_component_ref idref="oc-1a4"/>
      </symbol>
      <symbol id="sm-180">
         <name>SSIBusy</name>
         <value>0x13a9</value>
         <object_component_ref idref="oc-b0"/>
      </symbol>
      <symbol id="sm-1b2">
         <name>IntEnable</name>
         <value>0xe15</value>
         <object_component_ref idref="oc-172"/>
      </symbol>
      <symbol id="sm-1b3">
         <name>IntMasterDisable</name>
         <value>0x1381</value>
         <object_component_ref idref="oc-70"/>
      </symbol>
      <symbol id="sm-1b4">
         <name>IntMasterEnable</name>
         <value>0x138b</value>
         <object_component_ref idref="oc-b5"/>
      </symbol>
      <symbol id="sm-1f4">
         <name>GPIOPinConfigure</name>
         <value>0xf1d</value>
         <object_component_ref idref="oc-190"/>
      </symbol>
      <symbol id="sm-1f5">
         <name>GPIOPinTypeADC</name>
         <value>0x12b9</value>
         <object_component_ref idref="oc-17c"/>
      </symbol>
      <symbol id="sm-1f6">
         <name>GPIOPinTypeGPIOOutput</name>
         <value>0x12cb</value>
         <object_component_ref idref="oc-15e"/>
      </symbol>
      <symbol id="sm-1f7">
         <name>GPIODirModeSet</name>
         <value>0x11c3</value>
         <object_component_ref idref="oc-1dd"/>
      </symbol>
      <symbol id="sm-1f8">
         <name>GPIOPinWrite</name>
         <value>0x13b9</value>
         <object_component_ref idref="oc-a6"/>
      </symbol>
      <symbol id="sm-1f9">
         <name>GPIOPadConfigSet</name>
         <value>0xad1</value>
         <object_component_ref idref="oc-1d8"/>
      </symbol>
      <symbol id="sm-1fa">
         <name>GPIOPinTypeSSI</name>
         <value>0x12dd</value>
         <object_component_ref idref="oc-195"/>
      </symbol>
      <symbol id="sm-20e">
         <name>FPULazyStackingEnable</name>
         <value>0x1325</value>
         <object_component_ref idref="oc-154"/>
      </symbol>
      <symbol id="sm-20f">
         <name>FPUEnable</name>
         <value>0x1315</value>
         <object_component_ref idref="oc-14f"/>
      </symbol>
      <symbol id="sm-21f">
         <name>CPUcpsie</name>
         <value>0x136b</value>
         <object_component_ref idref="oc-13c"/>
      </symbol>
      <symbol id="sm-220">
         <name>CPUcpsid</name>
         <value>0x135f</value>
         <object_component_ref idref="oc-10a"/>
      </symbol>
      <symbol id="sm-263">
         <name>ADCProcessorTrigger</name>
         <value>0x128d</value>
         <object_component_ref idref="oc-75"/>
      </symbol>
      <symbol id="sm-264">
         <name>ADCSequenceEnable</name>
         <value>0x1335</value>
         <object_component_ref idref="oc-18b"/>
      </symbol>
      <symbol id="sm-265">
         <name>ADCSequenceConfigure</name>
         <value>0x1197</value>
         <object_component_ref idref="oc-181"/>
      </symbol>
      <symbol id="sm-266">
         <name>ADCSequenceStepConfigure</name>
         <value>0xd37</value>
         <object_component_ref idref="oc-186"/>
      </symbol>
      <symbol id="sm-267">
         <name>ADCIntClear</name>
         <value>0x1377</value>
         <object_component_ref idref="oc-7f"/>
      </symbol>
      <symbol id="sm-268">
         <name>ADCIntStatus</name>
         <value>0x1169</value>
         <object_component_ref idref="oc-7a"/>
      </symbol>
      <symbol id="sm-269">
         <name>ADCSequenceDataGet</name>
         <value>0x1257</value>
         <object_component_ref idref="oc-84"/>
      </symbol>
      <symbol id="sm-278">
         <name>_c_int00</name>
         <value>0xf65</value>
         <object_component_ref idref="oc-10"/>
      </symbol>
      <symbol id="sm-279">
         <name>__stack</name>
         <value>0x20004e44</value>
         <object_component_ref idref="oc-20"/>
      </symbol>
      <symbol id="sm-293">
         <name>__TI_decompress_none</name>
         <value>0x1351</value>
         <object_component_ref idref="oc-14"/>
      </symbol>
      <symbol id="sm-2bd">
         <name>__TI_decompress_rle24</name>
         <value>0x13cb</value>
         <object_component_ref idref="oc-1c"/>
      </symbol>
      <symbol id="sm-2cf">
         <name>__TI_zero_init</name>
         <value>0x1301</value>
         <object_component_ref idref="oc-18"/>
      </symbol>
      <symbol id="sm-2ea">
         <name>C$$EXIT</name>
         <value>0x10bd</value>
         <object_component_ref idref="oc-45"/>
      </symbol>
      <symbol id="sm-2eb">
         <name>_dtors_ptr</name>
         <value>0x20004f74</value>
         <object_component_ref idref="oc-df"/>
      </symbol>
      <symbol id="sm-2ec">
         <name>abort</name>
         <value>0x10c1</value>
         <object_component_ref idref="oc-45"/>
      </symbol>
      <symbol id="sm-2ed">
         <name>_cleanup_ptr</name>
         <value>0x20004f70</value>
         <object_component_ref idref="oc-df"/>
      </symbol>
      <symbol id="sm-2ee">
         <name>exit</name>
         <value>0x10c9</value>
         <object_component_ref idref="oc-45"/>
      </symbol>
      <symbol id="sm-2f8">
         <name>__aeabi_dmul</name>
         <value>0x84d</value>
         <object_component_ref idref="oc-8d"/>
      </symbol>
      <symbol id="sm-301">
         <name>__aeabi_d2f</name>
         <value>0xed3</value>
         <object_component_ref idref="oc-91"/>
      </symbol>
      <symbol id="sm-30a">
         <name>__aeabi_d2uiz</name>
         <value>0xff1</value>
         <object_component_ref idref="oc-a2"/>
      </symbol>
      <symbol id="sm-314">
         <name>__aeabi_f2d</name>
         <value>0x10fd</value>
         <object_component_ref idref="oc-9a"/>
      </symbol>
      <symbol id="sm-329">
         <name>memcpy</name>
         <value>0xb89</value>
         <object_component_ref idref="oc-4c"/>
      </symbol>
      <symbol id="sm-32a">
         <name>__aeabi_memcpy</name>
         <value>0xb89</value>
         <object_component_ref idref="oc-4c"/>
      </symbol>
      <symbol id="sm-32b">
         <name>__aeabi_memcpy8</name>
         <value>0xb89</value>
         <object_component_ref idref="oc-4c"/>
      </symbol>
      <symbol id="sm-32c">
         <name>__aeabi_memcpy4</name>
         <value>0xb89</value>
         <object_component_ref idref="oc-4c"/>
      </symbol>
      <symbol id="sm-33f">
         <name>round</name>
         <value>0xda9</value>
         <object_component_ref idref="oc-9e"/>
      </symbol>
      <symbol id="sm-34b">
         <name>main_func_sp</name>
         <value>0x20004f78</value>
         <object_component_ref idref="oc-49"/>
      </symbol>
      <symbol id="sm-354">
         <name>__aeabi_ui2d</name>
         <value>0x1237</value>
         <object_component_ref idref="oc-89"/>
      </symbol>
      <symbol id="sm-36e">
         <name>_Dint</name>
         <value>0xa0d</value>
         <object_component_ref idref="oc-131"/>
      </symbol>
      <symbol id="sm-37e">
         <name>_Dtest</name>
         <value>0x1035</value>
         <object_component_ref idref="oc-125"/>
      </symbol>
      <symbol id="sm-393">
         <name>_nop</name>
         <value>0x12b3</value>
         <object_component_ref idref="oc-1aa"/>
      </symbol>
      <symbol id="sm-394">
         <name>_lock</name>
         <value>0x20004f68</value>
         <object_component_ref idref="oc-dd"/>
      </symbol>
      <symbol id="sm-395">
         <name>_unlock</name>
         <value>0x20004f6c</value>
         <object_component_ref idref="oc-dd"/>
      </symbol>
      <symbol id="sm-396">
         <name>_register_lock</name>
         <value>0x12ab</value>
         <object_component_ref idref="oc-1aa"/>
      </symbol>
      <symbol id="sm-397">
         <name>_register_unlock</name>
         <value>0x12a5</value>
         <object_component_ref idref="oc-1aa"/>
      </symbol>
      <symbol id="sm-3a1">
         <name>_args_main</name>
         <value>0x1275</value>
         <object_component_ref idref="oc-41"/>
      </symbol>
      <symbol id="sm-3bb">
         <name>__TI_auto_init</name>
         <value>0xc25</value>
         <object_component_ref idref="oc-3d"/>
      </symbol>
      <symbol id="sm-3d2">
         <name>copy_in</name>
         <value>0xfad</value>
         <object_component_ref idref="oc-cd"/>
      </symbol>
      <symbol id="sm-3e8">
         <name>__aeabi_dsub</name>
         <value>0x42d</value>
         <object_component_ref idref="oc-12d"/>
      </symbol>
      <symbol id="sm-3e9">
         <name>__aeabi_dadd</name>
         <value>0x437</value>
         <object_component_ref idref="oc-12d"/>
      </symbol>
      <symbol id="sm-3f9">
         <name>__aeabi_cdcmpeq</name>
         <value>0xcb9</value>
         <object_component_ref idref="oc-129"/>
      </symbol>
      <symbol id="sm-3fa">
         <name>__aeabi_cdcmple</name>
         <value>0xcb9</value>
         <object_component_ref idref="oc-129"/>
      </symbol>
      <symbol id="sm-3fb">
         <name>__TI_static_base__</name>
         <value>0x0</value>
      </symbol>
      <symbol id="sm-3fc">
         <name>__TI_args_main</name>
         <value>0x1</value>
      </symbol>
      <symbol id="sm-3fd">
         <name>SHT$$INIT_ARRAY$$Limit</name>
         <value>0x0</value>
      </symbol>
      <symbol id="sm-3fe">
         <name>SHT$$INIT_ARRAY$$Base</name>
         <value>0x0</value>
      </symbol>
   </symbol_table>
</link_info>
