******************************************************************************
                  TI ARM Linker PC v5.0.4                      
******************************************************************************
>> Linked Wed May 14 09:17:17 2014

OUTPUT FILE NAME:   <EquacionDiff.out>
ENTRY POINT SYMBOL: "_c_int00"  address: 00000f65


MEMORY CONFIGURATION

         name            origin    length      used     unused   attr    fill
----------------------  --------  ---------  --------  --------  ----  --------
  FLASH                 00000000   00040000  000015a0  0003ea60  R  X
  SRAM                  20000000   00008000  00004f7c  00003084  RW X


SEGMENT ALLOCATION MAP

run origin  load origin   length   init length attrs members
----------  ----------- ---------- ----------- ----- -------
00000000    00000000    000015a0   000015a0    r-x
  00000000    00000000    0000026c   0000026c    r-- .intvecs
  0000026c    0000026c    00001168   00001168    r-x .text
  000013d4    000013d4    00000184   00000184    r-- .const
  00001558    00001558    00000048   00000048    r-- .cinit
20000000    20000000    00004f44   00000000    rw-
  20000000    20000000    00004e44   00000000    rw- .bss
  20004e44    20004e44    00000100   00000000    rw- .stack
20004f44    20004f44    00000038   00000038    rw-
  20004f44    20004f44    00000038   00000038    rw- .data


SECTION ALLOCATION MAP

 output                                  attributes/
section   page    origin      length       input sections
--------  ----  ----------  ----------   ----------------
.intvecs   0    00000000    0000026c     
                  00000000    0000026c     startup_ccs.obj (.intvecs)

.init_array 
*          0    00000000    00000000     UNINITIALIZED

.text      0    0000026c    00001168     
                  0000026c    000001c0     Diff.obj (.text:Timer0IntHandler)
                  0000042c    000001b6     rtsv7M4_T_le_v4SPD16_eabi.lib : fd_add_t2.obj (.text)
                  000005e2    00000002     startup_ccs.obj (.text:FaultISR)
                  000005e4    00000164     Diff.obj (.text:main)
                  00000748    00000104     driverlib.lib : sysctl.obj (.text:SysCtlClockSet)
                  0000084c    000000fc     rtsv7M4_T_le_v4SPD16_eabi.lib : fd_mul_t2.obj (.text)
                  00000948    000000c4     driverlib.lib : sysctl.obj (.text:SysCtlClockGet)
                  00000a0c    000000c4     rtsv7M4_T_le_v4SPD16_eabi.lib : xdint.obj (.text)
                  00000ad0    000000b8     driverlib.lib : gpio.obj (.text:GPIOPadConfigSet)
                  00000b88    0000009c     rtsv7M4_T_le_v4SPD16_eabi.lib : memcpy_t2.obj (.text)
                  00000c24    00000094                                   : auto_init.obj (.text)
                  00000cb8    0000007e                                   : fd_cmp_t2.obj (.text)
                  00000d36    00000070     driverlib.lib : adc.obj (.text:ADCSequenceStepConfigure)
                  00000da6    00000002     startup_ccs.obj (.text:IntDefaultHandler)
                  00000da8    0000006c     rtsv7M4_T_le_v4SPD16_eabi.lib : round.obj (.text)
                  00000e14    00000060     driverlib.lib : interrupt.obj (.text:IntEnable)
                  00000e74    0000005e     rtsv7M4_T_le_v4SPD16_eabi.lib : copy_decompress_rle.obj (.text)
                  00000ed2    0000004a                                   : fd_tos_t2.obj (.text)
                  00000f1c    00000048     driverlib.lib : gpio.obj (.text:GPIOPinConfigure)
                  00000f64    00000048     rtsv7M4_T_le_v4SPD16_eabi.lib : boot.obj (.text)
                  00000fac    00000044                                   : cpy_tbl.obj (.text)
                  00000ff0    00000044                                   : fd_tou_t2.obj (.text)
                  00001034    00000044                                   : xdtest.obj (.text)
                  00001078    00000042     driverlib.lib : ssi.obj (.text:SSIConfigSetExpClk)
                  000010ba    00000002     startup_ccs.obj (.text:NmiSR)
                  000010bc    00000040     rtsv7M4_T_le_v4SPD16_eabi.lib : exit.obj (.text)
                  000010fc    00000038                                   : fs_tod_t2.obj (.text)
                  00001134    00000034     driverlib.lib : sysctl.obj (.text:SysCtlPeripheralEnable)
                  00001168    0000002e                   : adc.obj (.text:ADCIntStatus)
                  00001196    0000002c                   : adc.obj (.text:ADCSequenceConfigure)
                  000011c2    0000002a                   : gpio.obj (.text:GPIODirModeSet)
                  000011ec    00000028                   : timer.obj (.text:TimerConfigure)
                  00001214    00000022     Diff.obj (.text:CalcDerivs)
                  00001236    00000020     rtsv7M4_T_le_v4SPD16_eabi.lib : u_tofd_t2.obj (.text)
                  00001256    0000001e     driverlib.lib : adc.obj (.text:ADCSequenceDataGet)
                  00001274    00000018     rtsv7M4_T_le_v4SPD16_eabi.lib : args_main.obj (.text)
                  0000128c    00000016     driverlib.lib : adc.obj (.text:ADCProcessorTrigger)
                  000012a2    00000002     --HOLE-- [fill = 0]
                  000012a4    00000014     rtsv7M4_T_le_v4SPD16_eabi.lib : _lock.obj (.text)
                  000012b8    00000012     driverlib.lib : gpio.obj (.text:GPIOPinTypeADC)
                  000012ca    00000012                   : gpio.obj (.text:GPIOPinTypeGPIOOutput)
                  000012dc    00000012                   : gpio.obj (.text:GPIOPinTypeSSI)
                  000012ee    00000012                   : timer.obj (.text:TimerLoadSet)
                  00001300    00000012     rtsv7M4_T_le_v4SPD16_eabi.lib : copy_zero_init.obj (.text:decompress:ZI)
                  00001312    00000002     --HOLE-- [fill = 0]
                  00001314    00000010     driverlib.lib : fpu.obj (.text:FPUEnable)
                  00001324    00000010                   : fpu.obj (.text:FPULazyStackingEnable)
                  00001334    0000000e                   : adc.obj (.text:ADCSequenceEnable)
                  00001342    0000000e                   : timer.obj (.text:TimerEnable)
                  00001350    0000000e     rtsv7M4_T_le_v4SPD16_eabi.lib : copy_decompress_none.obj (.text:decompress:none)
                  0000135e    0000000c     driverlib.lib : cpu.obj (.text:CPUcpsid)
                  0000136a    0000000c                   : cpu.obj (.text:CPUcpsie)
                  00001376    0000000a                   : adc.obj (.text:ADCIntClear)
                  00001380    0000000a                   : interrupt.obj (.text:IntMasterDisable)
                  0000138a    0000000a                   : interrupt.obj (.text:IntMasterEnable)
                  00001394    0000000a                   : ssi.obj (.text:SSIDataPut)
                  0000139e    0000000a                   : ssi.obj (.text:SSIEnable)
                  000013a8    00000008                   : ssi.obj (.text:SSIBusy)
                  000013b0    00000008                   : timer.obj (.text:TimerIntEnable)
                  000013b8    00000006                   : gpio.obj (.text:GPIOPinWrite)
                  000013be    00000006     startup_ccs.obj (.text:ResetISR)
                  000013c4    00000006     driverlib.lib : sysctl.obj (.text:SysCtlDelay)
                  000013ca    00000006     rtsv7M4_T_le_v4SPD16_eabi.lib : copy_decompress_rle.obj (.text:decompress:rle24)
                  000013d0    00000004     driverlib.lib : timer.obj (.text:TimerIntClear)

.const     0    000013d4    00000184     
                  000013d4    00000078     driverlib.lib : gpio.obj (.const:g_pui32GPIOBaseAddrs)
                  0000144c    00000070                   : interrupt.obj (.const)
                  000014bc    0000006c                   : sysctl.obj (.const:g_pui32Xtals)
                  00001528    00000030     rtsv7M4_T_le_v4SPD16_eabi.lib : xdint.obj (.const)

.cinit     0    00001558    00000048     
                  00001558    0000001e     (.cinit..data.load) [load image, compression = rle]
                  00001576    00000002     --HOLE-- [fill = 0]
                  00001578    0000000c     (__TI_handler_table)
                  00001584    00000004     --HOLE-- [fill = 0]
                  00001588    00000008     (.cinit..bss.load) [load image, compression = zero_init]
                  00001590    00000010     (__TI_cinit_table)

.bss       0    20000000    00004e44     UNINITIALIZED
                  20000000    00004e20     Diff.obj (.bss:yd)
                  20004e20    00000024     Diff.obj (.bss)

.stack     0    20004e44    00000100     UNINITIALIZED
                  20004e44    00000100     --HOLE--

.data      0    20004f44    00000038     
                  20004f44    00000024     Diff.obj (.data)
                  20004f68    00000008     rtsv7M4_T_le_v4SPD16_eabi.lib : _lock.obj (.data)
                  20004f70    00000008                                   : exit.obj (.data)
                  20004f78    00000004                                   : stkdepth_vars.obj (.data)


LINKER GENERATED COPY TABLES

__TI_cinit_table @ 00001590 records: 2, size/record: 8, table size: 16
	.data: load addr=00001558, load size=0000001e bytes, run addr=20004f44, run size=00000038 bytes, compression=rle
	.bss: load addr=00001588, load size=00000008 bytes, run addr=20000000, run size=00004e44 bytes, compression=zero_init


LINKER GENERATED HANDLER TABLE

__TI_handler_table @ 00001578 records: 3, size/record: 4, table size: 12
	index: 0, handler: __TI_decompress_rle24
	index: 1, handler: __TI_decompress_none
	index: 2, handler: __TI_zero_init


GLOBAL SYMBOLS: SORTED ALPHABETICALLY BY Name 

address    name
--------   ----
00001377   ADCIntClear
00001169   ADCIntStatus
0000128d   ADCProcessorTrigger
00001197   ADCSequenceConfigure
00001257   ADCSequenceDataGet
00001335   ADCSequenceEnable
00000d37   ADCSequenceStepConfigure
000010bd   C$$EXIT
0000135f   CPUcpsid
0000136b   CPUcpsie
00001215   CalcDerivs
00001315   FPUEnable
00001325   FPULazyStackingEnable
000011c3   GPIODirModeSet
00000ad1   GPIOPadConfigSet
00000f1d   GPIOPinConfigure
000012b9   GPIOPinTypeADC
000012cb   GPIOPinTypeGPIOOutput
000012dd   GPIOPinTypeSSI
000013b9   GPIOPinWrite
00000e15   IntEnable
00001381   IntMasterDisable
0000138b   IntMasterEnable
000013bf   ResetISR
UNDEFED    SHT$$INIT_ARRAY$$Base
UNDEFED    SHT$$INIT_ARRAY$$Limit
000013a9   SSIBusy
00001079   SSIConfigSetExpClk
00001395   SSIDataPut
0000139f   SSIEnable
00000949   SysCtlClockGet
00000749   SysCtlClockSet
000013c5   SysCtlDelay
00001135   SysCtlPeripheralEnable
0000026d   Timer0IntHandler
000011ed   TimerConfigure
00001343   TimerEnable
000013d1   TimerIntClear
000013b1   TimerIntEnable
000012ef   TimerLoadSet
00000a0d   _Dint
00001035   _Dtest
20004f44   __STACK_END
00000100   __STACK_SIZE
20004f44   __STACK_TOP
00001590   __TI_CINIT_Base
000015a0   __TI_CINIT_Limit
00001578   __TI_Handler_Table_Base
00001584   __TI_Handler_Table_Limit
00000001   __TI_args_main
00000c25   __TI_auto_init
00001351   __TI_decompress_none
000013cb   __TI_decompress_rle24
00000000   __TI_static_base__
00001301   __TI_zero_init
00000cb9   __aeabi_cdcmpeq
00000cb9   __aeabi_cdcmple
00000ed3   __aeabi_d2f
00000ff1   __aeabi_d2uiz
00000437   __aeabi_dadd
0000084d   __aeabi_dmul
0000042d   __aeabi_dsub
000010fd   __aeabi_f2d
00000b89   __aeabi_memcpy
00000b89   __aeabi_memcpy4
00000b89   __aeabi_memcpy8
00001237   __aeabi_ui2d
ffffffff   __binit__
ffffffff   __c_args__
20004e44   __stack
00001275   _args_main
00000f65   _c_int00
20004f70   _cleanup_ptr
20004f74   _dtors_ptr
20004f68   _lock
000012b3   _nop
000012ab   _register_lock
000012a5   _register_unlock
20004f6c   _unlock
000010c1   abort
ffffffff   binit
20004f64   c
20004f44   cont
00000fad   copy_in
000010c9   exit
00000000   g_pfnVectors
20004f54   h
20004e40   i
20004e38   k1
000005e5   main
20004f78   main_func_sp
00000b89   memcpy
20004f48   outport
20004f50   periodo
00000da9   round
20004f4c   spidat
20004f58   t
20004f5c   tmax
20004f60   u
20004e20   valor
20004e30   x
20000000   yd
20004e24   yexact
20004e2c   yp
20004e28   ystar


GLOBAL SYMBOLS: SORTED BY Symbol Address 

address    name
--------   ----
00000000   __TI_static_base__
00000000   g_pfnVectors
00000001   __TI_args_main
00000100   __STACK_SIZE
0000026d   Timer0IntHandler
0000042d   __aeabi_dsub
00000437   __aeabi_dadd
000005e5   main
00000749   SysCtlClockSet
0000084d   __aeabi_dmul
00000949   SysCtlClockGet
00000a0d   _Dint
00000ad1   GPIOPadConfigSet
00000b89   __aeabi_memcpy
00000b89   __aeabi_memcpy4
00000b89   __aeabi_memcpy8
00000b89   memcpy
00000c25   __TI_auto_init
00000cb9   __aeabi_cdcmpeq
00000cb9   __aeabi_cdcmple
00000d37   ADCSequenceStepConfigure
00000da9   round
00000e15   IntEnable
00000ed3   __aeabi_d2f
00000f1d   GPIOPinConfigure
00000f65   _c_int00
00000fad   copy_in
00000ff1   __aeabi_d2uiz
00001035   _Dtest
00001079   SSIConfigSetExpClk
000010bd   C$$EXIT
000010c1   abort
000010c9   exit
000010fd   __aeabi_f2d
00001135   SysCtlPeripheralEnable
00001169   ADCIntStatus
00001197   ADCSequenceConfigure
000011c3   GPIODirModeSet
000011ed   TimerConfigure
00001215   CalcDerivs
00001237   __aeabi_ui2d
00001257   ADCSequenceDataGet
00001275   _args_main
0000128d   ADCProcessorTrigger
000012a5   _register_unlock
000012ab   _register_lock
000012b3   _nop
000012b9   GPIOPinTypeADC
000012cb   GPIOPinTypeGPIOOutput
000012dd   GPIOPinTypeSSI
000012ef   TimerLoadSet
00001301   __TI_zero_init
00001315   FPUEnable
00001325   FPULazyStackingEnable
00001335   ADCSequenceEnable
00001343   TimerEnable
00001351   __TI_decompress_none
0000135f   CPUcpsid
0000136b   CPUcpsie
00001377   ADCIntClear
00001381   IntMasterDisable
0000138b   IntMasterEnable
00001395   SSIDataPut
0000139f   SSIEnable
000013a9   SSIBusy
000013b1   TimerIntEnable
000013b9   GPIOPinWrite
000013bf   ResetISR
000013c5   SysCtlDelay
000013cb   __TI_decompress_rle24
000013d1   TimerIntClear
00001578   __TI_Handler_Table_Base
00001584   __TI_Handler_Table_Limit
00001590   __TI_CINIT_Base
000015a0   __TI_CINIT_Limit
20000000   yd
20004e20   valor
20004e24   yexact
20004e28   ystar
20004e2c   yp
20004e30   x
20004e38   k1
20004e40   i
20004e44   __stack
20004f44   __STACK_END
20004f44   __STACK_TOP
20004f44   cont
20004f48   outport
20004f4c   spidat
20004f50   periodo
20004f54   h
20004f58   t
20004f5c   tmax
20004f60   u
20004f64   c
20004f68   _lock
20004f6c   _unlock
20004f70   _cleanup_ptr
20004f74   _dtors_ptr
20004f78   main_func_sp
ffffffff   __binit__
ffffffff   __c_args__
ffffffff   binit
UNDEFED    SHT$$INIT_ARRAY$$Base
UNDEFED    SHT$$INIT_ARRAY$$Limit

[105 symbols]
